== H4(1000,10), p0 = 9/10000 ==
P1,P2,P3 exact match with signed 32-configuration enumeration: True
  q = 0.417484500221 .. 0.417484500222
  a = 0.997304857084 .. 0.997304857084
  P1 = 0.486382384592 .. 0.486382384593
  P2 = 0.338879525352 .. 0.338879525353
  P3 = 0.174738090054 .. 0.174738090055
  edges = 20032, I = 20011
  gamma = 3.5061076947
  v_H(gamma) [magnitude law, E sech] in [0.205295045989684, 0.205295045989685]
  v_H(gamma) [signed law, E e^-K]    in [0.205295045989684, 0.205295045989685] (total mass [0.999999999999, 1.000000000001])
  h(V_hi) = 0.667827857254; 1-h(V_hi) >= 0.332172142746; 3V<1: True
  v_P bracket ok; margin v_P - V > 0.017112
  t_U = E tanh^2 K_U in [0.996403998527352, 0.996403998527353]; E tanh K_U (signed) in [0.996403998527352, 0.996403998527353]; r = 0.996403240000
  kappa_bar >= 0.491464067 (blocks); kappa_hat >= 0.491476773; liminf E<M^2> >= 0.080235988
  kappa_bar >= 0.453051183 (arc); kappa_hat >= 0.453064849; liminf E<M^2> >= 0.068184230
  u_H(inf) = (1-2P3/3)^k = 0.289804128488
    beta ~ 2.0*gamma: u_H in [0.382235875, 0.382235876], pbar_H in [0.494538484, 0.494538485]
    beta ~ 2.02*gamma: u_H in [0.371321775, 0.371321776], pbar_H in [0.481084160, 0.481084161]
    beta ~ 2.1*gamma: u_H in [0.338308718, 0.338308719], pbar_H in [0.439216686, 0.439216687]
    beta ~ 2.15*gamma: u_H in [0.324530083, 0.324530084], pbar_H in [0.421207241, 0.421207242]
    beta ~ 2.2*gamma: u_H in [0.314544175, 0.314544176], pbar_H in [0.407951295, 0.407951296]
    beta ~ 2.22*gamma: u_H in [0.311384165, 0.311384166], pbar_H in [0.403720107, 0.403720108]
    beta ~ 2.25*gamma: u_H in [0.307369309, 0.307369310], pbar_H in [0.398318708, 0.398318709]
    beta ~ 2.3*gamma: u_H in [0.302245157, 0.302245158], pbar_H in [0.391382858, 0.391382859]
    beta ~ 2.6*gamma: u_H in [0.291340123, 0.291340124], pbar_H in [0.376462130, 0.376462131]
    beta ~ 2.7*gamma: u_H in [0.290566579, 0.290566580], pbar_H in [0.375395311, 0.375395312]
    beta ~ 3.0*gamma: u_H in [0.289897220, 0.289897221], pbar_H in [0.374471263, 0.374471264]
    beta ~ 10.0*gamma: u_H in [0.289804128, 0.289804129], pbar_H in [0.374342682, 0.374342683]
