73 grid points
u=0.106667 D=[2.482e-03,3.190e-03] G=[0.03521,0.03562] 21s
u=0.126667 D=[4.119e-03,4.815e-03] G=[0.04906,0.04954] 21s
u=0.146667 D=[6.167e-03,6.850e-03] G=[0.06486,0.06541] 21s
u=0.166667 D=[8.610e-03,9.277e-03] G=[0.08244,0.08304] 21s
u=0.186667 D=[1.142e-02,1.207e-02] G=[0.10163,0.10229] 21s
u=0.206667 D=[1.454e-02,1.517e-02] G=[0.12225,0.12296] 21s
u=0.226667 D=[1.793e-02,1.854e-02] G=[0.14414,0.14489] 18s
u=0.246667 D=[2.152e-02,2.211e-02] G=[0.16712,0.16791] 19s
u=0.266667 D=[2.525e-02,2.582e-02] G=[0.19105,0.19186] 19s
u=0.286667 D=[2.904e-02,2.959e-02] G=[0.21576,0.21660] 19s
u=0.306667 D=[3.283e-02,3.335e-02] G=[0.24112,0.24197] 19s
u=0.326667 D=[3.653e-02,3.703e-02] G=[0.26699,0.26785] 19s
u=0.346667 D=[4.009e-02,4.056e-02] G=[0.29324,0.29410] 19s
u=0.366667 D=[4.342e-02,4.387e-02] G=[0.31977,0.32062] 19s
u=0.386667 D=[4.648e-02,4.691e-02] G=[0.34645,0.34730] 19s
u=0.406667 D=[4.920e-02,4.960e-02] G=[0.37320,0.37403] 19s
u=0.426667 D=[5.153e-02,5.191e-02] G=[0.39991,0.40073] 19s
u=0.446667 D=[5.343e-02,5.378e-02] G=[0.42652,0.42731] 19s
u=0.466667 D=[5.485e-02,5.518e-02] G=[0.45294,0.45371] 24s
u=0.486667 D=[5.578e-02,5.608e-02] G=[0.47911,0.47985] 24s
u=0.506667 D=[5.618e-02,5.646e-02] G=[0.50496,0.50567] 24s
u=0.526667 D=[5.605e-02,5.631e-02] G=[0.53045,0.53112] 24s
u=0.546667 D=[5.539e-02,5.563e-02] G=[0.55551,0.55616] 25s
u=0.566667 D=[5.420e-02,5.441e-02] G=[0.58011,0.58073] 24s
u=0.586667 D=[5.249e-02,5.269e-02] G=[0.60422,0.60481] 28s
u=0.606667 D=[5.030e-02,5.048e-02] G=[0.62780,0.62836] 29s
u=0.626667 D=[4.765e-02,4.781e-02] G=[0.65083,0.65136] 29s
u=0.646667 D=[4.459e-02,4.474e-02] G=[0.67327,0.67379] 29s
u=0.666667 D=[4.117e-02,4.130e-02] G=[0.69513,0.69562] 29s
u=0.686667 D=[3.745e-02,3.757e-02] G=[0.71638,0.71686] 29s
u=0.706667 D=[3.349e-02,3.360e-02] G=[0.73702,0.73748] 28s
u=0.726667 D=[2.938e-02,2.948e-02] G=[0.75704,0.75750] 27s
u=0.746667 D=[2.519e-02,2.528e-02] G=[0.77645,0.77690] 28s
u=0.766667 D=[2.101e-02,2.110e-02] G=[0.79525,0.79569] 27s
u=0.786667 D=[1.695e-02,1.703e-02] G=[0.81345,0.81390] 28s
u=0.806667 D=[1.309e-02,1.316e-02] G=[0.83108,0.83152] 27s
u=0.826667 D=[9.533e-03,9.608e-03] G=[0.84815,0.84859] 23s
u=0.846667 D=[6.394e-03,6.468e-03] G=[0.86470,0.86513] 23s
u=0.860000 D=[4.583e-03,4.656e-03] G=[0.87547,0.87590] 23s
u=0.864000 D=[4.090e-03,4.162e-03] G=[0.87866,0.87909] 23s
u=0.868000 D=[3.620e-03,3.692e-03] G=[0.88183,0.88226] 23s
u=0.872000 D=[3.176e-03,3.248e-03] G=[0.88499,0.88542] 23s
u=0.876000 D=[2.757e-03,2.829e-03] G=[0.88814,0.88856] 22s
u=0.880000 D=[2.365e-03,2.436e-03] G=[0.89127,0.89168] 22s
u=0.884000 D=[2.000e-03,2.071e-03] G=[0.89438,0.89480] 22s
u=0.888000 D=[1.663e-03,1.734e-03] G=[0.89748,0.89789] 21s
u=0.892000 D=[1.355e-03,1.425e-03] G=[0.90058,0.90098] 22s
u=0.896000 D=[1.077e-03,1.146e-03] G=[0.90366,0.90405] 21s
u=0.900000 D=[8.284e-04,8.969e-04] G=[0.90673,0.90712] 19s
u=0.904000 D=[6.104e-04,6.780e-04] G=[0.90979,0.91018] 19s
u=0.908000 D=[4.237e-04,4.902e-04] G=[0.91285,0.91322] 19s
u=0.912000 D=[2.686e-04,3.338e-04] G=[0.91591,0.91627] 20s
u=0.916000 D=[1.457e-04,2.093e-04] G=[0.91896,0.91931] 20s
u=0.920000 D=[5.534e-05,1.167e-04] G=[0.92201,0.92234] 20s
u=0.924000 D=[-2.072e-06,5.630e-05] G=[0.92507,0.92538] 18s
u=0.928000 D=[-2.569e-05,2.738e-05] G=[0.92815,0.92842] 18s
u=0.929223 D=[-2.476e-05,2.358e-05] G=[0.92911,0.92934] 14s
u=0.933223 D=[-9.376e-06,4.234e-05] G=[0.93208,0.93236] 14s
u=0.937223 D=[4.409e-05,9.798e-05] G=[0.93494,0.93525] 14s
u=0.941223 D=[1.399e-04,1.957e-04] G=[0.93767,0.93801] 14s
u=0.945223 D=[2.825e-04,3.401e-04] G=[0.94029,0.94065] 13s
u=0.949223 D=[4.764e-04,5.358e-04] G=[0.94280,0.94318] 13s
u=0.953223 D=[7.258e-04,7.869e-04] G=[0.94521,0.94560] 13s
u=0.957223 D=[1.035e-03,1.098e-03] G=[0.94751,0.94792] 13s
u=0.961223 D=[1.408e-03,1.472e-03] G=[0.94972,0.95015] 13s
u=0.965223 D=[1.848e-03,1.915e-03] G=[0.95184,0.95228] 13s
u=0.969223 D=[2.360e-03,2.428e-03] G=[0.95386,0.95433] 13s
u=0.973223 D=[2.947e-03,3.017e-03] G=[0.95581,0.95629] 14s
u=0.977223 D=[3.613e-03,3.685e-03] G=[0.95767,0.95817] 14s
u=0.981223 D=[4.361e-03,4.435e-03] G=[0.95945,0.95997] 13s
u=0.985223 D=[5.195e-03,5.271e-03] G=[0.96116,0.96170] 13s
u=0.989223 D=[6.118e-03,6.196e-03] G=[0.96280,0.96336] 13s
u=1.000000 D=[9.074e-03,9.158e-03] G=[0.96688,0.96750] 11s
A IV(4.517734182554171, 4.517734182932504) K IV(4.110205589100188, 4.110205590370838)
P(mu*) IV(2.0457539521230412, 2.045753952274127)
D(0) IV(5.193337388203233e-07, 5.204765883063254e-07) D(q) IV(-6.474828315391633e-07, -6.460611049181302e-07)
A IV(4.517734182554171, 4.517734182932504) K IV(4.110205589100188, 4.110205590370838)
P(mu*) IV(2.0457539521230412, 2.045753952274127)
D(0) IV(5.193337388203233e-07, 5.204765883063254e-07) D(q) IV(-6.474828315391633e-07, -6.460611049181302e-07)
A IV(4.517734182554171, 4.517734182932504) K IV(4.110205589100188, 4.110205590370838)
P(mu*) IV(2.0457539521230412, 2.045753952274127)
D(0) IV(5.193337388203233e-07, 5.204765883063254e-07) D(q) IV(-6.474828315391633e-07, -6.460611049181302e-07)
A IV(4.517734182554171, 4.517734182932504) K IV(4.110205589100188, 4.110205590370838)
P(mu*) IV(2.0457539521230412, 2.045753952274127)
D(0) IV(5.193337388203233e-07, 5.204765883063254e-07) D(q) IV(-6.474828315391633e-07, -6.460611049181302e-07)
A IV(4.517734182554171, 4.517734182932504) K IV(4.110205589100188, 4.110205590370838)
P(mu*) IV(2.0457539521230412, 2.045753952274127)
D(0) IV(5.193337388203233e-07, 5.204765883063254e-07) D(q) IV(-6.474828315391633e-07, -6.460611049181302e-07)
