design P: b0=1000 k=10 p0=9/10000 gamma=3.5061076947  w_plus=0.274797452475 w_bb=0.258198889747
  beta/gamma=0.5   w=0.37271366 s*=1.0 v=0.59966077 pbar=0.654548 mass-1=1.38e-40
  beta/gamma=0.55  w=0.28877715 s*=1.0 v=0.51450423 pbar=0.751621 mass-1=1.38e-40
  beta/gamma=0.6   w=0.23537448 s*=1.0 v=0.44137826 pbar=0.82323 mass-1=1.38e-40
  beta/gamma=0.7   w=0.20571206 s*=0.933 v=0.33006299 pbar=0.911631 mass-1=1.38e-40
  beta/gamma=0.8   w=0.20570766 s*=0.7242 v=0.25831809 pbar=0.956101 mass-1=1.38e-40
  beta/gamma=1.0   w=0.20529505 s*=0.5 v=0.20529505 pbar=0.989189 mass-1=1.38e-40
  beta/gamma=1.2   w=0.21346141 s*=0.4609 v=0.21740857 pbar=0.990374 mass-1=1.38e-40
  beta/gamma=1.3   w=0.23302549 s*=0.4749 v=0.23470449 pbar=0.983506 mass-1=1.38e-40
  beta/gamma=1.35  w=0.25046112 s*=0.4785 v=0.25175465 pbar=0.977383 mass-1=1.38e-40
  beta/gamma=1.4   w=0.2743276 s*=0.4778 v=0.27582532 pbar=0.968668 mass-1=1.38e-40
  beta/gamma=1.45  w=0.30511459 s*=0.4727 v=0.30761625 pbar=0.956495 mass-1=1.38e-40
  w < w_plus: beta/gamma in (0.560779, 1.40086), beta in (1.96615, 4.91156)
  w < w_bb: beta/gamma in (0.575256, 1.36783), beta in (2.01691, 4.79576)
  pbar = 1/2 on the hot side at beta/gamma = 0.439904 (beta = 1.54235)
Nishimori line: v_H(gamma(p)) = E e^{-K_H(gamma(p))} (float)
  p=8/10000  v=0.1935582127  v<v_P: True
  p=9/10000  v=0.205295046  v<v_P: True
  p=9.5/10000  v=0.2108828433  v<v_P: True
  p=10/10000  v=0.2163053682  v<v_P: True
  p=10.5/10000  v=0.2215760783  v<v_P: True
  p=11/10000  v=0.2267066428  v<v_P: False
  p=11.5/10000  v=0.2317072619  v<v_P: False
  p=12/10000  v=0.2365869166  v<v_P: False
  float crossing v_H(gamma(p)) = v_P at p = 0.0010580129
