N p=3 detS=[0.44711456 +/- 3.40e-10] B''=[-1.5592201 +/- 6.90e-10] Qp=[2.0622221 +/- 4.87e-8] cM=[1.1784040 +/- 3.60e-8] ok=True
N p=4 detS=[0.34322294 +/- 4.35e-9] B''=[-10.484493 +/- 4.09e-7] Qp=[4.8327469 +/- 4.06e-8] cM=[1.3139051 +/- 1.83e-8] ok=True
N p=5 detS=[0.22900900 +/- 3.54e-9] B''=[-38.830974 +/- 8.55e-8] Qp=[7.2861248 +/- 3.29e-8] cM=[1.3572558 +/- 2.97e-8] ok=True
N p=6 detS=[0.14580237 +/- 3.30e-9] B''=[-111.40453 +/- 3.87e-6] Qp=[9.5627254 +/- 2.78e-8] cM=[1.3737553 +/- 1.10e-8] ok=True
N p=7 detS=[0.090400658 +/- 1.24e-10] B''=[-279.87712 +/- 2.04e-6] Qp=[11.733914 +/- 8.45e-8] cM=[1.3806444 +/- 1.59e-8] ok=True
N p=8 detS=[0.054957480 +/- 2.34e-10] B''=[-651.81902 +/- 3.39e-6] Qp=[13.839768 +/- 3.75e-8] cM=[1.3836813 +/- 1.46e-8] ok=True
N p=9 detS=[0.032860395 +/- 7.85e-12] B''=[-1450.5917 +/- 1.80e-5] Qp=[15.904665 +/- 3.97e-8] cM=[1.3850657 +/- 1.80e-8] ok=True
N p=10 detS=[0.019361782 +/- 4.97e-10] B''=[-3138.7907 +/- 4.18e-5] Qp=[17.943973 +/- 4.24e-7] cM=[1.3857103 +/- 2.40e-8] ok=True
N p=11 detS=[0.011259247 +/- 3.11e-10] B''=[-6672.2909 +/- 9.01e-6] Qp=[19.967463 +/- 4.12e-7] cM=[1.3860147 +/- 3.94e-9] ok=True
N p=12 detS=[0.0064708441 +/- 6.75e-12] B''=[-14022.301 +/- 9.89e-5] Qp=[21.981314 +/- 2.30e-7] cM=[1.3861598 +/- 3.73e-8] ok=True
N p=13 detS=[0.0036800304 +/- 2.12e-11] B''=[-29246.695 +/- 1.53e-4] Qp=[23.989377 +/- 2.53e-7] cM=[1.3862293 +/- 3.68e-8] ok=True
N p=14 detS=[0.0020734224 +/- 4.21e-11] B''=[-60685.797 +/- 1.55e-4] Qp=[25.994016 +/- 6.62e-8] cM=[1.3862629 +/- 4.14e-8] ok=True
N p=15 detS=[0.0011585867 +/- 7.19e-12] B''=[-125457.74 +/- 4.88e-3] Qp=[27.996657 +/- 3.54e-7] cM=[1.3862791 +/- 3.53e-8] ok=True
N p=16 detS=[0.00064266025 +/- 3.28e-12] B''=[-258652.08 +/- 3.43e-3] Qp=[29.998146 +/- 4.35e-7] cM=[1.3862869 +/- 2.02e-8] ok=True
N p=17 detS=[0.00035416393 +/- 2.91e-12] B''=[-532114.33 +/- 7.06e-4] Qp=[31.998978 +/- 6.78e-8] cM=[1.3862907 +/- 3.58e-8] ok=True
N p=18 detS=[0.00019404768 +/- 9.49e-13] B''=[-1092793.1 +/- 0.0272] Qp=[33.999440 +/- 8.80e-8] cM=[1.3862926 +/- 7.63e-9] ok=True
N p=19 detS=[0.00010577014 +/- 8.12e-13] B''=[-2240960.4 +/- 0.0438] Qp=[35.999695 +/- 1.91e-7] cM=[1.3862935 +/- 2.85e-9] ok=True
N p=20 detS=[5.7385306e-5 +/- 1.73e-13] B''=[-4589645.1 +/- 9.02e-3] Qp=[37.999834 +/- 4.21e-7] cM=[1.3862939 +/- 3.87e-8] ok=True
N p=21 detS=[3.1004316e-5 +/- 1.98e-13] B''=[-9389379.6 +/- 0.0397] Qp=[39.999911 +/- 4.60e-7] cM=[1.3862942 +/- 4.57e-8] ok=True
N p=22 detS=[1.6687884e-5 +/- 2.75e-13] B''=[-1.9189240e+7 +/- 0.0962] Qp=[41.999952 +/- 1.52e-7] cM=[1.3862943 +/- 4.02e-8] ok=True
N p=23 detS=[8.9513591e-6 +/- 1.89e-14] B''=[-3.9181632e+7 +/- 0.0489] Qp=[43.999974 +/- 1.72e-7] cM=[1.3862943 +/- 1.15e-8] ok=True
N p=24 detS=[4.7864873e-6 +/- 3.59e-14] B''=[-7.9936521e+7 +/- 0.0878] Qp=[45.999986 +/- 1.90e-7] cM=[1.3862943 +/- 3.68e-8] ok=True
N p=25 detS=[2.5521155e-6 +/- 2.78e-14] B''=[-1.6295779e+8 +/- 3.01] Qp=[47.999993 +/- 3.64e-7] cM=[1.3862943 +/- 4.92e-8] ok=True
