| p | kappa_p >= | lambda_M >= | phi_xx >= | det S >= | Btilde''(mu) <= | Q_p margin >= | C_FM >= |
|---|---|---|---|---|---|---|---|
| 3 | 0.0303916 | 0.330458 | 0.423824 | 0.4471 | -1.5592 | 2.062 | 0.1983 |
| 4 | 0.0131494 | 0.574281 | 0.913508 | 0.3432 | -10.484 | 4.833 | 0.06707 |
| 5 | 0.00536356 | 0.734818 | 1.1542 | 0.229 | -38.831 | 7.286 | 0.0268 |
| 6 | 0.00227976 | 0.836922 | 1.26936 | 0.1458 | -111.4 | 9.563 | 0.01169 |
| 7 | 0.00100693 | 0.900932 | 1.32625 | 0.0904 | -279.88 | 11.73 | 0.005351 |
| 8 | 0.000457406 | 0.940569 | 1.35511 | 0.05496 | -651.82 | 13.84 | 0.002517 |
| 9 | 0.000211906 | 0.964795 | 1.37001 | 0.03286 | -1450.6 | 15.9 | 0.001204 |
| 10 | 9.95243e-5 | 0.979401 | 1.37777 | 0.01936 | -3138.8 | 17.94 | 0.0005812 |
| 11 | 4.71948e-5 | 0.988086 | 1.38184 | 0.01126 | -6672.3 | 19.97 | 0.0002823 |
| 12 | 2.25348e-5 | 0.993183 | 1.38397 | 0.006471 | -14022.0 | 21.98 | 0.0001376 |
| 13 | 1.08147e-5 | 0.996137 | 1.38508 | 0.00368 | -29247.0 | 23.99 | 6.725e-5 |
| 14 | 5.21015e-6 | 0.997831 | 1.38566 | 0.002073 | -60686.0 | 25.99 | 3.292e-5 |
| 15 | 2.51767e-6 | 0.998791 | 1.38597 | 0.001159 | -1.2546e+5 | 28.0 | 1.613e-5 |
| 16 | 1.21959e-6 | 0.999331 | 1.38612 | 0.0006427 | -2.5865e+5 | 30.0 | 7.913e-6 |
| 17 | 5.9199e-7 | 0.999632 | 1.38621 | 0.0003542 | -5.3211e+5 | 32.0 | 3.884e-6 |
| 18 | 2.87857e-7 | 0.999799 | 1.38625 | 0.000194 | -1.0928e+6 | 34.0 | 1.908e-6 |
| 19 | 1.40185e-7 | 0.999891 | 1.38627 | 0.0001058 | -2.241e+6 | 36.0 | 9.377e-7 |
| 20 | 6.83618e-8 | 0.999941 | 1.38628 | 5.739e-5 | -4.5896e+6 | 38.0 | 4.611e-7 |
| 21 | 3.33771e-8 | 0.999968 | 1.38629 | 3.1e-5 | -9.3894e+6 | 40.0 | 2.269e-7 |
| 22 | 1.63139e-8 | 0.999983 | 1.38629 | 1.669e-5 | -1.9189e+7 | 42.0 | 1.117e-7 |
| 23 | 7.98176e-9 | 0.999991 | 1.38629 | 8.951e-6 | -3.9182e+7 | 44.0 | 5.498e-8 |
| 24 | 3.9087e-9 | 0.999995 | 1.38629 | 4.786e-6 | -7.9937e+7 | 46.0 | 2.709e-8 |
| 25 | 1.9157e-9 | 0.999997 | 1.38629 | 2.552e-6 | -1.6296e+8 | 48.0 | 1.335e-8 |
{
 "kappa_cert_sha256": "6a9899b789f6df42b3444af893f71e589b5165c07837c995e63320be79c40117",
 "kappa_cert_sha_matches_pinned": true,
 "all_ok": true,
 "min_detS_lo": 2.5521155277087296e-06,
 "max_reduced_curv_hi": -1.559220100688175,
 "min_N3_margin_lo": 2.062222051326505,
 "min_C_FM_lo": 1.3349400193278154e-08,
 "max_c_M_hi": 1.386294349154831
}
