== C: constants
  c0 = [0.95877519113945347813 +/- 3.68e-21]
  m2 = [0.72233912108113666406 +/- 4.81e-21]
  m4 = [2.0259419390462441765 +/- 4.03e-20]
  K = [0.73419193144768428347 +/- 1.90e-21]
  c0_closed_form = [0.95877519113945347813 +/- 3.68e-21]
PASS C1 c0 encloses 4 pi log2 - pi^3/4  c0=[0.95877519113945347813 +/- 3.68e-21]; cf=[0.95877519113945347813 +/- 3.68e-21]; rad=[1.1955389142370986440e-46 +/- 2.73e-66]
PASS C1neg c0 excludes closed form + 1e-40 (overlap test is discriminating)  rad=[1.1955389142370986440e-46 +/- 2.73e-66]
PASS C2 c0 in the rounded cell enclosure [0.95652,0.96103]  c0=[0.95877519113945347813 +/- 3.68e-21]
PASS C3 m2 in the rounded cell enclosure [0.72025,0.72444]  m2=[0.72233912108113666406 +/- 4.81e-21]
PASS C4 m4 in the rounded cell enclosure [2.0200,2.0319] and m4<=2.032  m4=[2.0259419390462441765 +/- 4.03e-20]
PASS C5 float m2=0.7223391..., m4=2.0259419... (digits match)  m2=[0.72233912108113666406 +/- 4.81e-21]; m4=[2.0259419390462441765 +/- 4.03e-20]
PASS C6 U1: K <= 0.735819, K encloses pi^3/8-pi  K=[0.73419193144768428347 +/- 1.90e-21]; cf=[0.73419193144768428347 +/- 1.90e-21]
PASS C7 int sech = pi  value=[3.1415926535897932385 +/- 3.74e-20]
PASS C7 int sech^3 = pi/2  value=[1.5707963267948966192 +/- 3.14e-20]
PASS C7 int h tanh sech = pi  value=[3.1415926535897932385 +/- 3.74e-20]
PASS C7 int |h|e^{-|h|} = 2  value=[2.0000000000000000000 +/- 1e-24]
PASS C7 int cosh*r = pi-2  value=[1.1415926535897932385 +/- 3.74e-20]
PASS C7 int h^2 sech = pi^3/4  value=[7.7515691700749550439 +/- 3.10e-20]
PASS C8a 2 int_0^inf h^2 e^{-2h} sech = 8 - pi^3/4  value=[0.24843082992504495613 +/- 9.22e-22]
PASS C8b 4 int_0^inf h e^{-h} r = 4log2-16+2pi+8G  value=[0.38349878283711983503 +/- 1.05e-21]
PASS C8c 2 int_0^inf cosh r^2 = 8-4log2-2pi+4pi log2-8G  value=[0.32684557837728868697 +/- 1.72e-21]
PASS C8d pieces sum to c0  sum=[0.95877519113945347813 +/- 3.68e-21]
== X: z-quadrature vs tilted representation
PASS X1 Lambda=2.34: E tanh, E tanh^2, E tanh^3, E tanh^4, W, V (z-quad) vs representation  mu_z=[0.81355929283803618303 +/- 4.83e-21]; mu_rep=[0.81355929283803618303 +/- 4.83e-21]; tau_z=[0.74349358366014295093 +/- 4.31e-21]; tau_rep=[0.74349358366014295093 +/- 4.31e-21]; W_z=[0.63459231054522954042 +/- 4.63e-21]; W_rep=[0.63459231054522954042 +/- 4.63e-21]; V_z=[1.6931051474657466515 +/- 2.66e-20]; V_rep=[1.6931051474657466515 +/- 2.66e-20]
PASS X2 Lambda=2.34: Prop J  X+Y = eps I[J] - (a+rho)^2  XplusY=[0.042947544011846695926 +/- 3.71e-23]; rhs=[0.042947544011846695926 +/- 3.71e-23]
PASS X3 Lambda=2.34: B = 1-3mu+2tau (z-quad) = eps I[2sech^3-sech] > 0  B_z=[0.046309288806177352747 +/- 1.00e-22]; B_rep=[0.046309288806177352747 +/- 1.00e-22]
PASS X4 Lambda=2.34: eps I[2sech^3-sech] = (eps/Lambda) I[h tanh sech] <= pi eps/Lambda  lhs=[0.046309288806177352747 +/- 1.00e-22]; rhs=[0.046309288806177352747 +/- 1.00e-22]
PASS X5 Lambda=2.34: u<=pi eps, w<=pi eps/2, a<=2eps, rho<=(pi-2)eps, a+rho>=eps(pi-8/L), T1 in [2log2-pi eps(L+2), 2log2)  T1=[0.63454412415054558745 +/- 2.25e-21]; T1lo=[0.28268037542714589181 +/- 1.28e-21]
PASS X1 Lambda=10: E tanh, E tanh^2, E tanh^3, E tanh^4, W, V (z-quad) vs representation  mu_z=[0.99758868526458774267 +/- 2.01e-22]; mu_rep=[0.99758868526458774267 +/- 2.01e-22]; tau_z=[0.99648270813998610041 +/- 1.07e-21]; tau_rep=[0.99648270813998610041 +/- 1.07e-21]; W_z=[4.3091011615484268364 +/- 3.11e-20]; W_rep=[4.3091011615484268364 +/- 3.11e-20]; V_z=[9.9567320125008534425 +/- 1.81e-21]; V_rep=[9.9567320125008534425 +/- 1.81e-21]
PASS X2 Lambda=10: Prop J  X+Y = eps I[J] - (a+rho)^2  XplusY=[0.00078120847587329707603 +/- 1.84e-24]; rhs=[0.00078120847587329707603 +/- 1.84e-24]
PASS X3 Lambda=10: B = 1-3mu+2tau (z-quad) = eps I[2sech^3-sech] > 0  B_z=[0.00019936048620897281272 +/- 2.33e-24]; B_rep=[0.00019936048620897281272 +/- 2.33e-24]
PASS X4 Lambda=10: eps I[2sech^3-sech] = (eps/Lambda) I[h tanh sech] <= pi eps/Lambda  lhs=[0.00019936048620897281272 +/- 2.33e-24]; rhs=[0.00019936048620897281272 +/- 2.33e-24]
PASS X5 Lambda=10: u<=pi eps, w<=pi eps/2, a<=2eps, rho<=(pi-2)eps, a+rho>=eps(pi-8/L), T1 in [2log2-pi eps(L+2), 2log2)  T1=[1.3576845295490237538 +/- 3.60e-20]; T1lo=[1.3542487339943330958 +/- 8.19e-21]
PASS X1 Lambda=36: E tanh, E tanh^2, E tanh^3, E tanh^4, W, V (z-quad) vs representation  mu_z=[0.99999999691945455715 +/- 4.79e-21]; mu_rep=[0.99999999691945455715 +/- 4.79e-21]; tau_z=[0.99999999541937086052 +/- 2.86e-21]; tau_rep=[0.99999999541937086052 +/- 2.86e-21]; W_z=[17.306852822445825317 +/- 1.25e-19]; W_rep=[17.306852822445825317 +/- 1.25e-19]; V_z=[35.999999785891346197 +/- 2.07e-19]; V_rep=[35.999999785891346197 +/- 2.07e-19]
PASS X2 Lambda=36: Prop J  X+Y = eps I[J] - (a+rho)^2  XplusY=[9.6093441939343844078e-10 +/- 9.24e-31]; rhs=[9.6093441939343844078e-10 +/- 9.24e-31]
PASS X3 Lambda=36: B = 1-3mu+2tau (z-quad) = eps I[2sech^3-sech] > 0  B_z=[8.0378049598632185211e-11 +/- 3.13e-31]; B_rep=[8.0378049598632185211e-11 +/- 3.10e-31]
PASS X4 Lambda=36: eps I[2sech^3-sech] = (eps/Lambda) I[h tanh sech] <= pi eps/Lambda  lhs=[8.0378049598632185211e-11 +/- 3.10e-31]; rhs=[8.0378049598632185211e-11 +/- 3.10e-31]
PASS X5 Lambda=36: u<=pi eps, w<=pi eps/2, a<=2eps, rho<=(pi-2)eps, a+rho>=eps(pi-8/L), T1 in [2log2-pi eps(L+2), 2log2)  T1=[1.3862942442087134235 +/- 2.29e-20]; T1lo=[1.3862942402295474267 +/- 2.02e-20]
== E: Lambda >= 35 chain (Theorem LP)
  eps(35) = [1.6932559498948000693e-9 +/- 3.63e-29]
PASS E1 eps(35) = 1.6933e-9 (rounded)  eps35=[1.6932559498948000693e-9 +/- 3.63e-29]
PASS E2 delta(35) = pi eps(35) 37 = 1.968e-7 (rounded)  delta35=[1.9682225675495830445e-7 +/- 4.29e-27]
PASS E3 T1 >= 2log2 - delta(35) >= 1.3862941  T1lo=[1.3862941642976338639 +/- 2.39e-20]
PASS E4 P2a Q(35) <= 35/T1lo <= 25.2472 < 26  Qbound=[25.247166800080093386 +/- 1.60e-19]
PASS E5 width 35 delta(35)/T1lo <= 4.97e-6 < 5.0e-6  width=[4.9692043462606232003e-6 +/- 3.86e-26]
PASS E6 P2b lambda_hat >= 1 - (pi/2)L^2 eps/(mu T1) >= 0.9999976  lhat=[0.99999764970063453643 +/- 1.12e-21]
PASS E7 P3 35/(2log2 - delta(34.6)) < 26  value=[25.247167571333920776 +/- 4.59e-20]
PASS E8 P2c lambda_M >= 1 - 2.4e-6  lamM_lo=[0.99999764970064703889 +/- 4.44e-21]; gap=[2.3502993529611055677e-6 +/- 2.77e-26]
PASS E9 P2d/P2e Omega B <= pi L eps/T1 <= 1.35e-7 (also p u)  OmB_hi=[1.3430282016920603244e-7 +/- 1.59e-27]
PASS E10 P2f phi_xx >= phi_lo(35) >= 1.38629  philo=[1.3862939781144179863 +/- 6.03e-21]
PASS E11 P2h c_M margin 2(pi-8/L) - pi^2 L^2 eps/T1 > 0 (and x=Lu/T1<=1)  margin=[5.8260276826703673352 +/- 3.93e-20]
PASS E12 LB remainder at 35 = 1.48e-5 (rounded)  rem=[1.4784080116162250751e-5 +/- 4.60e-25]
  LB(35) with stated c0_lo=0.95652, m2_hi=0.72444 = [0.94615607306274098061 +/- 3.61e-21]
  LB(35) with Arb c0, m2 = [0.94844127675817822068 +/- 2.00e-21]
FAIL E13a P2g LB(35) >= 0.94616 using the 5-digit rounded cell bounds 0.95652 / 0.72444 (not used by the paper)  LB=[0.94615607306274098061 +/- 3.61e-21]
PASS E13b LB(35) >= 0.94616 using Arb-enclosed c0, m2  LB=[0.94844127675817822068 +/- 2.00e-21]
  c0_lo needed for LB(35)>=0.94616 with m2_hi=0.72444 = [0.95652392693725901939 +/- 3.61e-21]
PASS E13c theorem-statement form LB(35) >= 0.9461 with stated bounds  LB=[0.94615607306274098061 +/- 3.61e-21]
PASS E14 UB remainder pi L OmegaB/(1-OmegaB) <= 1.5e-5  UBrem=[1.4767368345298122677e-5 +/- 1.40e-25]
PASS E15 m4/(8L^2) <= m2/(2L) at L>=35 (i.e. L >= m4/(4 m2))  ratio=[0.70117410227414516090 +/- 4.17e-21]
PASS E16 normalization 1 <= N <= 1 + 2.6e-6 (Delta<=4.97e-6, p>=26)  Nmax_minus_1=[2.5539474425447681490e-6 +/- 1.22e-26]
  N-1 at Delta=5.0e-6 = [2.5693636441242479782e-6 +/- 3.03e-27]
PASS E17 P2i upper (c0 + UBrem) N <= 0.958793 (Arb c0)  upper=[0.95879240720696124485 +/- 3.41e-21]
PASS E17b same with closed-form c0  upper=[0.95879240720696124485 +/- 3.41e-21]
PASS E17c theorem statement upper <= 0.95880  upper=[0.95879240720696124485 +/- 3.41e-21]
  upper bound if the cell upper bound 0.96103 were used = [0.96104722182617108954 +/- 1.99e-22]
PASS E18 theta_p >= -1.5e-5 (= -LBrem(35))  rem=[1.4784080116162250751e-5 +/- 4.60e-25]
PASS E19 LB(35) > 0 i.e. (N1) for p>=26  LB=[0.94615607306274098061 +/- 3.61e-21]
PASS E20 (N3) pu <= pi L eps/T1 <= 1.35e-7  pu_hi=[1.3430282016920603244e-7 +/- 1.59e-27]
PASS E21 grid spot check: LB, lamM_lo, philo, cM_margin increase; OmB_hi, UBrem, width decrease on [35,200]  
== Q: Q(Lambda) < 26 on (0,35]
PASS Q1 analytic bound on (0,0.4]: Q <= 1/(1/2-2L/3-L^2/2) at 0.4 < 26  bound=[6.5217391304347826087 +/- 4.41e-21]
PASS Q2 cells on [0.4,35] (800 cells, ball-Lambda, no monotonicity): b/T1_lo < 26  worst_cell=[34.9000 +/- 3e-9]; worst_bound=[25.247167 +/- 3.32e-7]
== T: Theorem LP' table p=7..25
   {'p': 7, 'Lminus': '9.4084', 'Lminus_rule': '9.4084', 'Dp': '[-0.00462785 +/- 2.82e-9]', 'Q_elem': '[6.999910560 +/- 3.22e-11]', 'LB_stated': '[0.11971604 +/- 4.91e-10]', 'LB_arb': '[0.12208288 +/- 2.45e-10]', 'lamM_lo': '[0.8781369009 +/- 4.67e-11]', 'OmB_hi': '[0.0259052 +/- 3.04e-8]', 'philo': '[1.3092421 +/- 4.73e-8]', 'cM_margin': '[3.81689 +/- 1.10e-6]', 'ok': True, 'table_LB': '0.1197', 'table_LB_le_LBstated': True, 'table_LB_le_LBarb': True, 'table_lamM_le_computed': True, 'table_OmB_ge_computed': False, 'table_kc': '0.8896', 'table_lc': '0.9009'}
   {'p': 8, 'Lminus': '10.9196', 'Lminus_rule': '10.9238', 'Dp': '[-0.00228543 +/- 3.70e-9]', 'Q_elem': '[7.997086317 +/- 1.85e-10]', 'LB_stated': '[0.46968486 +/- 8.70e-10]', 'LB_arb': '[0.47203625 +/- 2.12e-9]', 'lamM_lo': '[0.9295462557 +/- 3.87e-11]', 'OmB_hi': '[0.0129041 +/- 1.12e-8]', 'philo': '[1.3478249 +/- 4.71e-8]', 'cM_margin': '[4.37526 +/- 3.77e-6]', 'ok': True, 'table_LB': '0.4697', 'table_LB_le_LBstated': False, 'table_LB_le_LBarb': True, 'table_lamM_le_computed': True, 'table_OmB_ge_computed': False, 'table_kc': '0.9097', 'table_lc': '0.9406'}
   {'p': 9, 'Lminus': '12.3808', 'Lminus_rule': '12.3821', 'Dp': '[-0.00100457 +/- 5.19e-10]', 'Q_elem': '[8.998991272 +/- 2.89e-10]', 'LB_stated': '[0.66779208 +/- 1.33e-9]', 'LB_arb': '[0.67013212 +/- 3.31e-9]', 'lamM_lo': '[0.9593424161 +/- 1.52e-11]', 'OmB_hi': '[0.00656784 +/- 4.39e-9]', 'philo': '[1.3667621 +/- 1.90e-8]', 'cM_margin': '[4.73540 +/- 2.58e-6]', 'ok': True, 'table_LB': '0.6678', 'table_LB_le_LBstated': False, 'table_LB_le_LBarb': True, 'table_lamM_le_computed': True, 'table_OmB_ge_computed': True, 'table_kc': '0.9214', 'table_lc': '0.9648'}
   {'p': 10, 'Lminus': '13.807', 'Lminus_rule': '13.8093', 'Dp': '[-0.000552244 +/- 2.22e-10]', 'Q_elem': '[9.998262064 +/- 3.39e-10]', 'LB_stated': '[0.78181139 +/- 4.55e-9]', 'LB_arb': '[0.78414267 +/- 4.11e-9]', 'lamM_lo': '[0.9766195877 +/- 7.69e-12]', 'OmB_hi': '[0.00338675 +/- 2.37e-9]', 'philo': '[1.3762630 +/- 1.15e-8]', 'cM_margin': '[4.97745 +/- 6.33e-7]', 'ok': True, 'table_LB': '0.7818', 'table_LB_le_LBstated': True, 'table_LB_le_LBarb': True, 'table_lamM_le_computed': True, 'table_OmB_ge_computed': True, 'table_kc': '0.9286', 'table_lc': '0.9794'}
   {'p': 11, 'Lminus': '15.2189', 'Lminus_rule': '15.2189', 'Dp': '[-0.000211632 +/- 4.59e-10]', 'Q_elem': '[10.99987603 +/- 1.73e-10]', 'LB_stated': '[0.84830821 +/- 4.92e-10]', 'LB_arb': '[0.85063242 +/- 2.69e-9]', 'lamM_lo': '[0.9866688621 +/- 3.14e-11]', 'OmB_hi': '[0.00175192 +/- 1.29e-9]', 'philo': '[1.3811281 +/- 3.97e-8]', 'cM_margin': '[5.14810 +/- 1.05e-6]', 'ok': True}
   {'p': 12, 'Lminus': '16.6144', 'Lminus_rule': '16.6185', 'Dp': '[-0.000271704 +/- 1.34e-10]', 'Q_elem': '[11.99697739 +/- 8.71e-10]', 'LB_stated': '[0.88692990 +/- 2.91e-9]', 'LB_arb': '[0.88924831 +/- 2.88e-9]', 'lamM_lo': '[0.9924391087 +/- 4.36e-12]', 'OmB_hi': '[0.000910161 +/- 2.22e-10]', 'philo': '[1.3836217 +/- 8.48e-9]', 'cM_margin': '[5.27266 +/- 1.21e-6]', 'ok': True, 'table_LB': '0.8869', 'table_LB_le_LBstated': True, 'table_LB_le_LBarb': True, 'table_lamM_le_computed': True, 'table_OmB_ge_computed': False, 'table_kc': '0.9364', 'table_lc': '0.9932'}
   {'p': 13, 'Lminus': '18.0123', 'Lminus_rule': '18.0123', 'Dp': '[-5.05151e-5 +/- 3.97e-11]', 'Q_elem': '[12.99992524 +/- 3.59e-9]', 'LB_stated': '[0.90963906 +/- 4.58e-9]', 'LB_arb': '[0.91195257 +/- 3.62e-9]', 'lamM_lo': '[0.9957593333 +/- 4.46e-11]', 'OmB_hi': '[0.000470863 +/- 4.28e-10]', 'philo': '[1.3849171 +/- 9.16e-9]', 'cM_margin': '[5.36826 +/- 1.49e-6]', 'ok': True}
   {'p': 14, 'Lminus': '19.4028', 'Lminus_rule': '19.4028', 'Dp': '[-2.60982e-5 +/- 2.93e-11]', 'Q_elem': '[13.99992528 +/- 4.76e-9]', 'LB_stated': '[0.92293374 +/- 2.58e-10]', 'LB_arb': '[0.92524307 +/- 5.68e-10]', 'lamM_lo': '[0.9976350423 +/- 3.2e-14]', 'OmB_hi': '[0.000243775 +/- 1.12e-10]', 'philo': '[1.3855838 +/- 2.99e-8]', 'cM_margin': '[5.44370 +/- 2.59e-6]', 'ok': True}
   {'p': 15, 'Lminus': '20.773', 'Lminus_rule': '20.7914', 'Dp': '[-0.000628183 +/- 7.17e-11]', 'Q_elem': '[14.98664028 +/- 9.14e-10]', 'LB_stated': '[0.93075932 +/- 2.34e-9]', 'LB_arb': '[0.93306508 +/- 1.02e-9]', 'lamM_lo': '[0.9986796648 +/- 4.27e-12]', 'OmB_hi': '[0.000127120 +/- 3.20e-10]', 'philo': '[1.3859250 +/- 6.70e-9]', 'cM_margin': '[5.50466 +/- 1.20e-6]', 'ok': True, 'table_LB': '0.9308', 'table_LB_le_LBstated': False, 'table_LB_le_LBarb': True, 'table_lamM_le_computed': False, 'table_OmB_ge_computed': True, 'table_kc': '0.9417', 'table_lc': '0.9988'}
   {'p': 16, 'Lminus': '22.1790', 'Lminus_rule': '22.1790', 'Dp': '[-9.53518e-6 +/- 8.19e-13]', 'Q_elem': '[15.99990083 +/- 1.99e-9]', 'LB_stated': '[0.93564432 +/- 1.25e-9]', 'LB_arb': '[0.93794687 +/- 1.79e-9]', 'lamM_lo': '[0.9992788767 +/- 4.82e-11]', 'OmB_hi': '[6.50276e-5 +/- 2.01e-11]', 'philo': '[1.3861060 +/- 4.94e-8]', 'cM_margin': '[5.55725 +/- 1.23e-6]', 'ok': True}
   {'p': 17, 'Lminus': '23.5660', 'Lminus_rule': '23.5660', 'Dp': '[-6.88450e-6 +/- 2.43e-12]', 'Q_elem': '[16.99989351 +/- 5.35e-10]', 'LB_stated': '[0.93866296 +/- 2.60e-11]', 'LB_arb': '[0.94096273 +/- 4.48e-9]', 'lamM_lo': '[0.9996052454 +/- 6.47e-13]', 'OmB_hi': '[3.35020e-5 +/- 4.54e-11]', 'philo': '[1.3861975 +/- 3.57e-8]', 'cM_margin': '[5.60176 +/- 7.50e-7]', 'ok': True}
   {'p': 18, 'Lminus': '24.9527', 'Lminus_rule': '24.9527', 'Dp': '[-4.95905e-6 +/- 4.88e-12]', 'Q_elem': '[17.99990332 +/- 2.30e-9]', 'LB_stated': '[0.94064979 +/- 3.31e-9]', 'LB_arb': '[0.94294708 +/- 4.95e-9]', 'lamM_lo': '[0.9997849948 +/- 1.74e-11]', 'OmB_hi': '[1.72330e-5 +/- 1.95e-11]', 'philo': '[1.3862447 +/- 3.29e-8]', 'cM_margin': '[5.64062 +/- 1.22e-6]', 'ok': True}
   {'p': 19, 'Lminus': '26.3392', 'Lminus_rule': '26.3392', 'Dp': '[-4.33910e-6 +/- 4.74e-12]', 'Q_elem': '[18.99989756 +/- 8.6e-12]', 'LB_stated': '[0.94203395 +/- 4.17e-9]', 'LB_arb': '[0.94432903 +/- 3.48e-9]', 'lamM_lo': '[0.9998834270 +/- 2.41e-11]', 'OmB_hi': '[8.85167e-6 +/- 1.73e-12]', 'philo': '[1.3862689 +/- 1.25e-8]', 'cM_margin': '[5.67499 +/- 3.26e-6]', 'ok': True}
   {'p': 20, 'Lminus': '27.704', 'Lminus_rule': '27.7256', 'Dp': '[-0.000544067 +/- 4.99e-10]', 'Q_elem': '[19.98431001 +/- 4.70e-9]', 'LB_stated': '[0.94304531 +/- 1.19e-9]', 'LB_arb': '[0.94533842 +/- 3.52e-9]', 'lamM_lo': '[0.9999364460 +/- 4.21e-11]', 'OmB_hi': '[4.58808e-6 +/- 3.04e-12]', 'philo': '[1.3862812 +/- 1.89e-8]', 'cM_margin': '[5.70525 +/- 2.06e-6]', 'ok': True, 'table_LB': '0.9431', 'table_LB_le_LBstated': False, 'table_LB_le_LBarb': True, 'table_lamM_le_computed': False, 'table_OmB_ge_computed': True, 'table_kc': '0.9461', 'table_lc': '0.99994'}
   {'p': 21, 'Lminus': '29.1120', 'Lminus_rule': '29.1120', 'Dp': '[-2.74354e-6 +/- 4.55e-13]', 'Q_elem': '[20.99992122 +/- 1.56e-9]', 'LB_stated': '[0.94386461 +/- 2.03e-9]', 'LB_arb': '[0.94615588 +/- 1.81e-9]', 'lamM_lo': '[0.9999661395 +/- 1.69e-11]', 'OmB_hi': '[2.32622e-6 +/- 1.71e-12]', 'philo': '[1.3862877 +/- 1.01e-8]', 'cM_margin': '[5.73337 +/- 1.02e-6]', 'ok': True}
   {'p': 22, 'Lminus': '30.4983', 'Lminus_rule': '30.4983', 'Dp': '[-3.18950e-6 +/- 3.96e-12]', 'Q_elem': '[21.99990099 +/- 6.20e-10]', 'LB_stated': '[0.94452904 +/- 1.19e-9]', 'LB_arb': '[0.94681867 +/- 2.52e-9]', 'lamM_lo': '[0.9999818462 +/- 3.18e-11]', 'OmB_hi': '[1.19048e-6 +/- 2.62e-12]', 'philo': '[1.3862910 +/- 4.79e-8]', 'cM_margin': '[5.75845 +/- 1.84e-6]', 'ok': True}
   {'p': 23, 'Lminus': '31.8846', 'Lminus_rule': '31.8846', 'Dp': '[-3.28825e-6 +/- 4.09e-12]', 'Q_elem': '[22.99989203 +/- 3.54e-9]', 'LB_stated': '[0.94509861 +/- 3.68e-10]', 'LB_arb': '[0.94738675 +/- 4.19e-9]', 'lamM_lo': '[0.9999902973 +/- 1.58e-11]', 'OmB_hi': '[6.08615e-7 +/- 4.51e-13]', 'philo': '[1.3862926 +/- 2.08e-8]', 'cM_margin': '[5.78131 +/- 4.70e-6]', 'ok': True}
   {'p': 24, 'Lminus': '33.2709', 'Lminus_rule': '33.2709', 'Dp': '[-3.21892e-6 +/- 2.55e-12]', 'Q_elem': '[23.99988913 +/- 3.19e-9]', 'LB_stated': '[0.94560048 +/- 3.35e-9]', 'LB_arb': '[0.94788724 +/- 1.16e-10]', 'lamM_lo': '[0.9999948288 +/- 4.79e-11]', 'OmB_hi': '[3.10851e-7 +/- 3.52e-13]', 'philo': '[1.3862935 +/- 2.67e-8]', 'cM_margin': '[5.80225 +/- 2.09e-6]', 'ok': True}
   {'p': 25, 'Lminus': '34.635', 'Lminus_rule': '34.6572', 'Dp': '[-0.000447071 +/- 3.12e-10]', 'Q_elem': '[24.98387561 +/- 1.93e-9]', 'LB_stated': '[0.94604433 +/- 4.66e-9]', 'LB_arb': '[0.94832985 +/- 4.68e-9]', 'lamM_lo': '[0.9999972231 +/- 4.85e-11]', 'OmB_hi': '[1.60349e-7 +/- 4.46e-13]', 'philo': '[1.3862939 +/- 3.71e-9]', 'cM_margin': '[5.82121 +/- 2.59e-6]', 'ok': True, 'table_LB': '0.9461', 'table_LB_le_LBstated': False, 'table_LB_le_LBarb': True, 'table_lamM_le_computed': True, 'table_OmB_ge_computed': False, 'table_kc': '0.9486', 'table_lc': '0.999997'}
PASS T1 Theorem LP' p=7..25: D_p(L^-)<0 (quadrature), L^-/T1lo<p, LB>0, lamM>0, OmB<1, philo>0, cM margin>0, N3 margin>0  
FAIL T2 reference table LP_TABLE: lamM>= and OmB<= columns are valid (directed) roundings (not used by the paper)  bad_rows=[7, 8, 12, 15, 20, 25]
FAIL T3 reference table LP_TABLE: kappa/eps>= column <= LB with the rounded constants 0.95652/0.72444 (not used by the paper)  bad_rows=[8, 9, 15, 20, 25]
PASS T4 reference table LP_TABLE: kappa/eps>= column <= LB computed with Arb c0, m2  bad_rows=[]
== U: Lemma U inputs
PASS U2 (stated K_hi): pi s^2 - K s - 2K > 0 at 0.82 (U<1/2); pi s^2-(pi+K)s-K > 0 at 1.41 (U<0)  margin1=[0.037397320273776973542 +/- 2.87e-22]; margin2=[0.042830923040259471155 +/- 2.75e-22]
PASS U2 (Arb K): pi s^2 - K s - 2K > 0 at 0.82 (U<1/2); pi s^2-(pi+K)s-K > 0 at 1.41 (U<0)  margin1=[0.041985653591307294152 +/- 4.81e-22]; margin2=[0.046752158251340347988 +/- 4.82e-23]
PASS U3 1 - 2s - 2s^2 at s=0.2 equals 0.52 > 1/2  value=[0.52000000000000000000 +/- 2.0e-24]
PASS U4a 124 cells on [0.2,0.82]: cell lower bound of e > 1/2  min_lb=[0.616339235057546 +/- 2.46e-16]
PASS U4b 242 cells on [0.2,1.41]: cell lower bound of e > 1/3  min_lb=[0.482885234711956 +/- 1.69e-16]
PASS U4c the rounded minima 0.6097 / 0.4792 do not exceed the (tighter) Arb cell minima  arb82=[0.616339235057546 +/- 2.46e-16]; arball=[0.482885234711956 +/- 1.69e-16]
  e(0.1) = [0.91714921497576532 +/- 3.94e-18]
  e(1) = [0.5751363792356419452 +/- 4.06e-20]
  e(1.3) = [0.507334027061866497 +/- 5.11e-19]
  e(1.4) = [0.487013308769741034 +/- 2.33e-19]
  e(6) = [0.07528836621741056754 +/- 5.25e-21]
  e(8) = [0.031792411965508344112 +/- 3.75e-22]
  e(30) = [1.041901075291875111e-6 +/- 3.09e-25]
PASS U5 s*_3 in (1.3,1.4): e(1.3) > 1/2 > e(1.4)  
PASS U6 s*_26 in (6,8): e(6) > 1/25 > e(8)  
PASS U7 float grid endpoints e(0.1)=0.917, e(30)=1.0e-6 (rounded)  e01=[0.91714921497576532 +/- 3.94e-18]; e30=[1.041901075291875111e-6 +/- 3.09e-25]
PASS U8 float claim at s=1: s(log e)'+e = 0.148 <= U(1) = 0.305  lhs=[0.147731474733498063 +/- 5.25e-19]; U=[0.30497287995926126760 +/- 2.71e-21]
== D: direct kappa_p at certified Lambda_c(p)
   {'p': 3, 'root_bracket_ok': True, 'identities_ok': True, 'Lambda_c': '[2.33964157535155051704596334276 +/- 2.25e-30]', 'kappa': '[0.030391572475015181782 +/- 2.77e-22]', 'kappa_over_eps': '[0.375374255142 +/- 2.48e-13]', 'normalized': '[1.24285781696 +/- 1.93e-12]', 'lambda_M': '[0.330457883854 +/- 1.64e-13]', 'phixx': '[0.423824065844 +/- 1.89e-13]', 'OmB': '[0.26645336 +/- 3.88e-9]', 'detS_pos': True, 'detH': '[-4.00994690866 +/- 2.91e-12]', 'B_pos': True, 'cM': '[1.17840396409 +/- 2.41e-12]', 'cM_lt_2ln2': True, 'gap_2pln2_minus_L': '[1.8192415 +/- 8.01e-9]', 'sec': 0.0, 'rel_diff_vs_float_table': '[-1.585e-13 +/- 3.80e-17]', 'float_table_match_13sig': True, 'float36': '1.2429', 'float36_match': True, 'LB_at_Lambda_c': '[14.2560 +/- 7.96e-6]', 'philo_at_Lambda_c': '[-0.377304 +/- 6.47e-8]', 'elementary_fails': True, 'eps_Lambda_c': '[0.0809634 +/- 9.33e-9]'}
   {'p': 4, 'root_bracket_ok': True, 'identities_ok': True, 'Lambda_c': '[4.47888908085137904806495003539 +/- 5.29e-32]', 'kappa': '[0.013149434545281891527 +/- 4.14e-22]', 'kappa_over_eps': '[0.654878257729 +/- 3.21e-13]', 'normalized': '[1.24186594680 +/- 1.11e-12]', 'lambda_M': '[0.574280577858 +/- 5.00e-13]', 'phixx': '[0.913508002316 +/- 1.75e-13]', 'OmB': '[0.11572612 +/- 2.78e-9]', 'detS_pos': True, 'detH': '[-50.9995690468 +/- 2.50e-11]', 'B_pos': True, 'cM': '[1.31390508179 +/- 1.88e-12]', 'cM_lt_2ln2': True, 'gap_2pln2_minus_L': '[1.0662884 +/- 3.64e-8]', 'sec': 0.0, 'rel_diff_vs_float_table': '[1.438e-13 +/- 4.86e-17]', 'float_table_match_13sig': True, 'LB_at_Lambda_c': '[-5.23565 +/- 4.39e-6]', 'philo_at_Lambda_c': '[0.691091 +/- 7.18e-8]', 'elementary_fails': True, 'eps_Lambda_c': '[0.0200792 +/- 4.64e-9]'}
   {'p': 5, 'root_bracket_ok': True, 'identities_ok': True, 'Lambda_c': '[6.29960144851279870306526808577 +/- 4.41e-30]', 'kappa': '[0.0053635568467580648498 +/- 4.17e-24]', 'kappa_over_eps': '[0.787300328867 +/- 2.22e-13]', 'normalized': '[1.13267556319 +/- 6.85e-13]', 'lambda_M': '[0.734818450802 +/- 4.31e-13]', 'phixx': '[1.15420074086 +/- 2.46e-12]', 'OmB': '[0.057181600 +/- 1.49e-10]', 'detS_pos': True, 'detH': '[-228.288245815 +/- 3.54e-10]', 'B_pos': True, 'cM': '[1.35725577037 +/- 2.21e-12]', 'cM_lt_2ln2': True, 'gap_2pln2_minus_L': '[0.63187036 +/- 2.92e-9]', 'sec': 0.0, 'rel_diff_vs_float_table': '[1.209e-14 +/- 8.21e-19]', 'float_table_match_13sig': True, 'float36': '1.1327', 'float36_match': True, 'LB_at_Lambda_c': '[-1.66863 +/- 4.92e-6]', 'philo_at_Lambda_c': '[1.07338 +/- 1.58e-6]', 'elementary_fails': True, 'eps_Lambda_c': '[0.00681259 +/- 3.18e-9]'}
   {'p': 6, 'root_bracket_ok': True, 'identities_ok': True, 'Lambda_c': '[7.94162299619594307812326817232 +/- 3.33e-30]', 'kappa': '[0.0022797574507232645667 +/- 3.03e-23]', 'kappa_over_eps': '[0.853954503966 +/- 4.91e-13]', 'normalized': '[1.05478004626 +/- 3.32e-12]', 'lambda_M': '[0.836921906351 +/- 3.67e-14]', 'phixx': '[1.26936209084 +/- 4.11e-12]', 'OmB': '[0.029706897 +/- 3.62e-10]', 'detS_pos': True, 'detH': '[-649.795909902 +/- 4.87e-10]', 'B_pos': True, 'cM': '[1.37375531097 +/- 4.20e-12]', 'cM_lt_2ln2': True, 'gap_2pln2_minus_L': '[0.37614317 +/- 5.24e-10]', 'sec': 0.0, 'rel_diff_vs_float_table': '[1.161e-13 +/- 4.97e-17]', 'float_table_match_13sig': True, 'LB_at_Lambda_c': '[-0.460111 +/- 1.11e-7]', 'philo_at_Lambda_c': '[1.23624 +/- 1.78e-6]', 'elementary_fails': True, 'eps_Lambda_c': '[0.00266965 +/- 2.57e-9]'}
   {'p': 7, 'root_bracket_ok': True, 'identities_ok': True, 'Lambda_c': '[9.48067908709713707827871242538 +/- 3.72e-30]', 'kappa': '[0.0010069257514379788878 +/- 4.23e-23]', 'kappa_over_eps': '[0.889632031088 +/- 1.40e-13]', 'normalized': '[1.00640804547 +/- 3.53e-12]', 'lambda_M': '[0.900932440788 +/- 4.59e-13]', 'phixx': '[1.32624983637 +/- 2.79e-12]', 'OmB': '[0.015771371 +/- 4.01e-10]', 'detS_pos': True, 'detH': '[-1443.84228921 +/- 2.26e-9]', 'B_pos': True, 'cM': '[1.38064438419 +/- 8.48e-13]', 'cM_lt_2ln2': True, 'gap_2pln2_minus_L': '[0.22338144 +/- 7.43e-10]', 'sec': 0.0, 'rel_diff_vs_float_table': '[-2.097e-14 +/- 3.06e-18]', 'float_table_match_13sig': True, 'table_kc': '0.8896', 'table_lc': '0.9009', 'table_kc_match': True, 'table_lc_match': True}
   {'p': 8, 'root_bracket_ok': True, 'identities_ok': True, 'Lambda_c': '[10.9585557389142957769224527158 +/- 4.76e-29]', 'kappa': '[0.00045740622777866520759 +/- 1.33e-24]', 'kappa_over_eps': '[0.909680345734 +/- 2.77e-13]', 'normalized': '[0.977472830545 +/- 1.62e-13]', 'lambda_M': '[0.940569300759 +/- 2.21e-13]', 'phixx': '[1.35511421582 +/- 2.48e-12]', 'OmB': '[0.0084445712 +/- 4.17e-11]', 'detS_pos': True, 'detH': '[-2751.88244347 +/- 3.01e-9]', 'B_pos': True, 'cM': '[1.38368131453 +/- 7.34e-13]', 'cM_lt_2ln2': True, 'gap_2pln2_minus_L': '[0.13179915 +/- 4.50e-11]', 'sec': 0.0, 'rel_diff_vs_float_table': '[-7.606e-14 +/- 4.58e-18]', 'float_table_match_13sig': True, 'table_kc': '0.9097', 'table_lc': '0.9406', 'table_kc_match': True, 'table_lc_match': True, 'float36': '0.9775', 'float36_match': True}
   {'p': 9, 'root_bracket_ok': True, 'identities_ok': True, 'Lambda_c': '[12.3995575446902947206824441915 +/- 4.23e-29]', 'kappa': '[0.00021190611914439574439 +/- 1.94e-24]', 'kappa_over_eps': '[0.921438249472 +/- 9.73e-14]', 'normalized': '[0.960621662789 +/- 3.47e-13]', 'lambda_M': '[0.964795095497 +/- 3.02e-13]', 'phixx': '[1.37001207289 +/- 2.81e-12]', 'OmB': '[0.0045295564 +/- 1.99e-11]', 'detS_pos': True, 'detH': '[-4731.53965981 +/- 3.53e-9]', 'B_pos': True, 'cM': '[1.38506568207 +/- 1.79e-12]', 'cM_lt_2ln2': True, 'gap_2pln2_minus_L': '[0.077091705 +/- 3.89e-10]', 'sec': 0.0, 'rel_diff_vs_float_table': '[-2.008e-14 +/- 2.52e-18]', 'float_table_match_13sig': True, 'table_kc': '0.9214', 'table_lc': '0.9648', 'table_kc_match': True, 'table_lc_match': True}
   {'p': 10, 'root_bracket_ok': True, 'identities_ok': True, 'Lambda_c': '[13.8182813261861904524156272799 +/- 4.79e-29]', 'kappa': '[9.9524313229063306022e-5 +/- 1.71e-25]', 'kappa_over_eps': '[0.928640891555 +/- 4.91e-13]', 'normalized': '[0.951145173753 +/- 3.96e-13]', 'lambda_M': '[0.979400553882 +/- 3.85e-13]', 'phixx': '[1.37777478527 +/- 3.99e-12]', 'OmB': '[0.0024253680 +/- 7.54e-12]', 'detS_pos': True, 'detH': '[-7560.30969773 +/- 2.70e-9]', 'B_pos': True, 'cM': '[1.38571032398 +/- 1.32e-13]', 'cM_lt_2ln2': True, 'gap_2pln2_minus_L': '[0.044662285 +/- 1.28e-11]', 'sec': 0.0, 'rel_diff_vs_float_table': '[3.322e-14 +/- 1.77e-18]', 'float_table_match_13sig': True, 'table_kc': '0.9286', 'table_lc': '0.9794', 'table_kc_match': True, 'table_lc_match': True, 'float36': '0.9511', 'float36_match': True}
   {'p': 11, 'root_bracket_ok': True, 'identities_ok': True, 'Lambda_c': '[15.2236128144951684779310272759 +/- 1.06e-29]', 'kappa': '[4.7194766166985535840e-5 +/- 1.22e-25]', 'kappa_over_eps': '[0.933271831189 +/- 4.45e-13]', 'normalized': '[0.946101641684 +/- 6.15e-14]', 'lambda_M': '[0.988085961573 +/- 2.95e-13]', 'phixx': '[1.38183740204 +/- 3.35e-13]', 'OmB': '[0.0012941635 +/- 2.04e-11]', 'detS_pos': True, 'detH': '[-11438.4279168 +/- 2.06e-8]', 'B_pos': True, 'cM': '[1.38601470394 +/- 2.04e-12]', 'cM_lt_2ln2': True, 'gap_2pln2_minus_L': '[0.025625158 +/- 1.77e-10]', 'sec': 0.0, 'rel_diff_vs_float_table': '[-9.459e-14 +/- 1.54e-19]', 'float_table_match_13sig': True}
   {'p': 12, 'root_bracket_ok': True, 'identities_ok': True, 'Lambda_c': '[16.6209661926330225070488956448 +/- 3.46e-29]', 'kappa': '[2.2534761448487831173e-5 +/- 8.49e-26]', 'kappa_over_eps': '[0.936414183030 +/- 1.98e-13]', 'normalized': '[0.943672281165 +/- 2.39e-13]', 'lambda_M': '[0.993182980171 +/- 3.67e-13]', 'phixx': '[1.38396602657 +/- 2.33e-12]', 'OmB': '[0.00068766366 +/- 4.55e-12]', 'detS_pos': True, 'detH': '[-16590.5172917 +/- 7.86e-9]', 'B_pos': True, 'cM': '[1.38615976278 +/- 3.01e-12]', 'cM_lt_2ln2': True, 'gap_2pln2_minus_L': '[0.014566141 +/- 1.95e-10]', 'sec': 0.0, 'rel_diff_vs_float_table': '[-9.624e-14 +/- 3.62e-18]', 'float_table_match_13sig': True, 'table_kc': '0.9364', 'table_lc': '0.9932', 'table_kc_match': True, 'table_lc_match': True}
   {'p': 13, 'root_bracket_ok': True, 'identities_ok': True, 'Lambda_c': '[18.0136185329718182894208166901 +/- 3.99e-29]', 'kappa': '[1.0814719760872107226e-5 +/- 4.87e-25]', 'kappa_over_eps': '[0.938670672517 +/- 1.08e-13]', 'normalized': '[0.942745683228 +/- 4.48e-13]', 'lambda_M': '[0.996137362669 +/- 2.15e-13]', 'phixx': '[1.38508049251 +/- 3.95e-12]', 'OmB': '[0.00036380856 +/- 4.60e-13]', 'detS_pos': True, 'detH': '[-23266.1862294 +/- 1.57e-8]', 'B_pos': True, 'cM': '[1.38622933677 +/- 3.55e-12]', 'cM_lt_2ln2': True, 'gap_2pln2_minus_L': '[0.0082081616 +/- 1.33e-11]', 'sec': 0.0, 'rel_diff_vs_float_table': '[1.948e-13 +/- 4.80e-17]', 'float_table_match_13sig': True}
   {'p': 14, 'root_bracket_ok': True, 'identities_ok': True, 'Lambda_c': '[19.4035323515216049324899637837 +/- 4.61e-30]', 'kappa': '[5.2101516966758501183e-6 +/- 4.61e-26]', 'kappa_over_eps': '[0.940381803284 +/- 5.17e-14]', 'normalized': '[0.942653290601 +/- 3.21e-13]', 'lambda_M': '[0.997830536146 +/- 3.77e-13]', 'phixx': '[1.38566294822 +/- 4.34e-12]', 'OmB': '[0.00019166718 +/- 2.12e-12]', 'detS_pos': True, 'detH': '[-31739.9420914 +/- 2.89e-9]', 'B_pos': True, 'cM': '[1.38626285866 +/- 3.13e-12]', 'cM_lt_2ln2': True, 'gap_2pln2_minus_L': '[0.0045887042 +/- 4.32e-11]', 'sec': 0.0, 'rel_diff_vs_float_table': '[-2.877e-14 +/- 2.75e-18]', 'float_table_match_13sig': True, 'float36': '0.9427', 'float36_match': True}
   {'p': 15, 'root_bracket_ok': True, 'identities_ok': True, 'Lambda_c': '[20.7918685564886905281311555982 +/- 1.86e-29]', 'kappa': '[2.5176699534970334796e-6 +/- 4.73e-26]', 'kappa_over_eps': '[0.941742961206 +/- 2.74e-13]', 'normalized': '[0.943000719224 +/- 5.93e-14]', 'lambda_M': '[0.998791060025 +/- 3.07e-13]', 'phixx': '[1.38596667308 +/- 5.85e-13]', 'OmB': '[0.00010058496 +/- 3.81e-12]', 'detS_pos': True, 'detH': '[-42310.7762359 +/- 3.13e-8]', 'B_pos': True, 'cM': '[1.38627906476 +/- 7.30e-13]', 'cM_lt_2ln2': True, 'gap_2pln2_minus_L': '[0.0025468603 +/- 9.67e-12]', 'sec': 0.0, 'rel_diff_vs_float_table': '[1.330e-14 +/- 2.17e-18]', 'float_table_match_13sig': True, 'table_kc': '0.9417', 'table_lc': '0.9988', 'table_kc_match': True, 'table_lc_match': True}
   {'p': 16, 'root_bracket_ok': True, 'identities_ok': True, 'Lambda_c': '[22.1793053311875018559859315317 +/- 3.62e-29]', 'kappa': '[1.2195855052068429909e-6 +/- 3.71e-26]', 'kappa_over_eps': '[0.942868478857 +/- 1.53e-13]', 'normalized': '[0.943560688503 +/- 2.97e-13]', 'lambda_M': '[0.999331022180 +/- 3.32e-13]', 'phixx': '[1.38612467222 +/- 4.11e-12]', 'OmB': '[5.2599959e-5 +/- 2.77e-15]', 'detS_pos': True, 'detH': '[-55301.6746091 +/- 4.25e-9]', 'B_pos': True, 'cM': '[1.38628692010 +/- 1.99e-12]', 'cM_lt_2ln2': True, 'gap_2pln2_minus_L': '[0.0014044467 +/- 3.08e-11]', 'sec': 0.0, 'rel_diff_vs_float_table': '[-1.287e-13 +/- 3.98e-17]', 'float_table_match_13sig': True}
   {'p': 17, 'root_bracket_ok': True, 'identities_ok': True, 'Lambda_c': '[23.5662341595045610126921146029 +/- 5.34e-30]', 'kappa': '[5.9199039022516111461e-7 +/- 3.92e-27]', 'kappa_over_eps': '[0.943827034132 +/- 3.28e-13]', 'normalized': '[0.944205892477 +/- 4.44e-14]', 'lambda_M': '[0.999632121162 +/- 2.80e-13]', 'phixx': '[1.38620666990 +/- 3.57e-12]', 'OmB': '[2.7419722e-5 +/- 4.94e-13]', 'detS_pos': True, 'detH': '[-71059.1933333 +/- 4.55e-9]', 'B_pos': True, 'cM': '[1.38629073573 +/- 1.63e-12]', 'cM_lt_2ln2': True, 'gap_2pln2_minus_L': '[0.00076997953 +/- 3.58e-12]', 'sec': 0.0, 'rel_diff_vs_float_table': '[-6.569e-14 +/- 4.15e-18]', 'float_table_match_13sig': True}
   {'p': 18, 'root_bracket_ok': True, 'identities_ok': True, 'Lambda_c': '[24.9528785617116208195466954918 +/- 2.56e-29]', 'kappa': '[2.8785722548450331695e-7 +/- 1.95e-27]', 'kappa_over_eps': '[0.944661311613 +/- 1.35e-13]', 'normalized': '[0.944867632850 +/- 3.13e-13]', 'lambda_M': '[0.999798824249 +/- 2.20e-13]', 'phixx': '[1.38624912960 +/- 4.37e-12]', 'OmB': '[1.4253277e-5 +/- 7.69e-14]', 'detS_pos': True, 'detH': '[-89953.1506540 +/- 4.82e-8]', 'B_pos': True, 'cM': '[1.38629259238 +/- 3.47e-12]', 'cM_lt_2ln2': True, 'gap_2pln2_minus_L': '[0.00041993845 +/- 3.59e-12]', 'sec': 0.0, 'rel_diff_vs_float_table': '[1.152e-14 +/- 2.91e-18]', 'float_table_match_13sig': True}
   {'p': 19, 'root_bracket_ok': True, 'identities_ok': True, 'Lambda_c': '[26.3393649041057327934427341853 +/- 1.54e-29]', 'kappa': '[1.4018518582640712524e-7 +/- 4.78e-27]', 'kappa_over_eps': '[0.945398965409 +/- 3.43e-13]', 'normalized': '[0.945510818279 +/- 3.78e-13]', 'lambda_M': '[0.999890534199 +/- 2.30e-13]', 'phixx': '[1.38627107050 +/- 9.48e-13]', 'OmB': '[7.3905151e-6 +/- 2.71e-14]', 'detS_pos': True, 'detH': '[-112376.434209 +/- 1.01e-7]', 'B_pos': True, 'cM': '[1.38629349716 +/- 2.35e-12]', 'cM_lt_2ln2': True, 'gap_2pln2_minus_L': '[0.00022795717 +/- 2.19e-12]', 'sec': 0.0, 'rel_diff_vs_float_table': '[5.083e-14 +/- 2.70e-18]', 'float_table_match_13sig': True}
   {'p': 20, 'root_bracket_ok': True, 'identities_ok': True, 'Lambda_c': '[27.7257640020451475205024420617 +/- 5.93e-30]', 'kappa': '[6.8361764116352253055e-8 +/- 1.65e-28]', 'kappa_over_eps': '[0.946058763595 +/- 4.18e-13]', 'normalized': '[0.946119154628 +/- 4.35e-13]', 'lambda_M': '[0.999940702828 +/- 6.94e-14]', 'phixx': '[1.38628238699 +/- 4.84e-12]', 'OmB': '[3.8235048e-6 +/- 7.32e-15]', 'detS_pos': True, 'detH': '[-138744.899371 +/- 3.73e-9]', 'B_pos': True, 'cM': '[1.38629393866 +/- 4.54e-12]', 'cM_lt_2ln2': True, 'gap_2pln2_minus_L': '[0.00012322035 +/- 2.67e-12]', 'sec': 0.0, 'rel_diff_vs_float_table': '[3.296e-14 +/- 2.18e-18]', 'float_table_match_13sig': True, 'table_kc': '0.9461', 'table_lc': '0.99994', 'table_kc_match': True, 'table_lc_match': True, 'float36': '0.9461', 'float36_match': True}
   {'p': 21, 'root_bracket_ok': True, 'identities_ok': True, 'Lambda_c': '[29.1121152323979217275941672634 +/- 4.32e-29]', 'kappa': '[3.3377129722851588507e-8 +/- 2.06e-28]', 'kappa_over_eps': '[0.946654061723 +/- 3.38e-13]', 'normalized': '[0.946686546845 +/- 2.34e-13]', 'lambda_M': '[0.999968008580 +/- 3.30e-13]', 'phixx': '[1.38628821370 +/- 3.62e-12]', 'OmB': '[1.9741451e-6 +/- 7.93e-15]', 'detS_pos': True, 'detH': '[-169497.329507 +/- 4.91e-7]', 'B_pos': True, 'cM': '[1.38629415434 +/- 7.73e-13]', 'cM_lt_2ln2': True, 'gap_2pln2_minus_L': '[6.6351120e-5 +/- 2.19e-13]', 'sec': 0.0, 'rel_diff_vs_float_table': '[4.759e-14 +/- 2.68e-18]', 'float_table_match_13sig': True}
   {'p': 22, 'root_bracket_ok': True, 'identities_ok': True, 'Lambda_c': '[30.4984403402467335422705949973 +/- 1.85e-29]', 'kappa': '[1.6313921924989976416e-8 +/- 4.63e-28]', 'kappa_over_eps': '[0.947194793534 +/- 1.71e-13]', 'normalized': '[0.947212208726 +/- 3.15e-13]', 'lambda_M': '[0.999982803378 +/- 5.15e-14]', 'phixx': '[1.38629120915 +/- 1.87e-12]', 'OmB': '[1.0174589e-6 +/- 4.93e-14]', 'detS_pos': True, 'detH': '[-205095.433020 +/- 3.02e-7]', 'B_pos': True, 'cM': '[1.38629425982 +/- 4.13e-13]', 'cM_lt_2ln2': True, 'gap_2pln2_minus_L': '[3.5604391e-5 +/- 1.40e-13]', 'sec': 0.0, 'rel_diff_vs_float_table': '[-1.446e-15 +/- 3.92e-19]', 'float_table_match_13sig': True}
   {'p': 23, 'root_bracket_ok': True, 'identities_ok': True, 'Lambda_c': '[31.8847512607097171150793695333 +/- 3.11e-29]', 'kappa': '[7.9817561761901589540e-9 +/- 1.22e-29]', 'kappa_over_eps': '[0.947688635129 +/- 4.74e-13]', 'normalized': '[0.947697942593 +/- 2.69e-13]', 'lambda_M': '[0.999990786867 +/- 3.93e-13]', 'phixx': '[1.38629274690 +/- 3.83e-13]', 'OmB': '[5.2354380e-7 +/- 7.97e-16]', 'detS_pos': True, 'detH': '[-246023.858917 +/- 2.34e-7]', 'B_pos': True, 'cM': '[1.38629431145 +/- 3.81e-12]', 'cM_lt_2ln2': True, 'gap_2pln2_minus_L': '[1.9045048e-5 +/- 2.33e-13]', 'sec': 0.0, 'rel_diff_vs_float_table': '[1.991e-14 +/- 4.67e-18]', 'float_table_match_13sig': True}
   {'p': 24, 'root_bracket_ok': True, 'identities_ok': True, 'Lambda_c': '[33.2710545090446790767535394420 +/- 4.79e-29]', 'kappa': '[3.9087000331429687629e-9 +/- 4.78e-29]', 'kappa_over_eps': '[0.948141704730 +/- 3.24e-13]', 'normalized': '[0.948146665011 +/- 4.26e-13]', 'lambda_M': '[0.999995079011 +/- 1.48e-13]', 'phixx': '[1.38629353531 +/- 4.07e-12]', 'OmB': '[2.6900171e-7 +/- 1.28e-15]', 'detS_pos': True, 'detH': '[-292790.219264 +/- 3.64e-7]', 'B_pos': True, 'cM': '[1.38629433675 +/- 9.17e-13]', 'cM_lt_2ln2': True, 'gap_2pln2_minus_L': '[1.0157833e-5 +/- 3.05e-13]', 'sec': 0.0, 'rel_diff_vs_float_table': '[-7.992e-15 +/- 3.03e-19]', 'float_table_match_13sig': True}
   {'p': 25, 'root_bracket_ok': True, 'identities_ok': True, 'Lambda_c': '[34.6573536246389973592902294981 +/- 2.64e-29]', 'kappa': '[1.9157021948768718933e-9 +/- 3.93e-29]', 'kappa_over_eps': '[0.948558998035 +/- 2.69e-13]', 'normalized': '[0.948561634685 +/- 5.84e-14]', 'lambda_M': '[0.999997378868 +/- 2.16e-14]', 'phixx': '[1.38629393907 +/- 2.69e-12]', 'OmB': '[1.3803263e-7 +/- 4.15e-15]', 'detS_pos': True, 'detH': '[-345925.111935 +/- 4.45e-7]', 'B_pos': True, 'cM': '[1.38629434915 +/- 4.84e-12]', 'cM_lt_2ln2': True, 'gap_2pln2_minus_L': '[5.4033583e-6 +/- 3.19e-14]', 'sec': 0.0, 'table_kc': '0.9486', 'table_lc': '0.999997', 'table_kc_match': True, 'table_lc_match': True, 'float36': '0.9486', 'float36_match': True}
   {'p': 26, 'root_bracket_ok': True, 'identities_ok': True, 'Lambda_c': '[36.0436505218944682382525833176 +/- 4.18e-29]', 'kappa': '[9.3963093619154252465e-10 +/- 4.99e-30]', 'kappa_over_eps': '[0.948944670089 +/- 1.91e-13]', 'normalized': '[0.948946068251 +/- 3.02e-13]', 'lambda_M': '[0.999998607438 +/- 4.59e-13]', 'phixx': '[1.38629414561 +/- 2.09e-12]', 'OmB': '[7.0743164e-8 +/- 4.31e-16]', 'detS_pos': True, 'detH': '[-405982.140540 +/- 3.58e-7]', 'B_pos': True, 'cM': '[1.38629435524 +/- 1.33e-12]', 'cM_lt_2ln2': True, 'gap_2pln2_minus_L': '[2.8672227e-6 +/- 1.22e-14]', 'sec': 0.0, 'float36': '0.9489', 'float36_match': True, 'LP_a': True, 'LP_b': True, 'LP_c': True, 'LP_d': True, 'LP_e': True, 'theta_p': '[0.000189817 +/- 6.30e-11]', 'theta_window': True}
   {'p': 27, 'root_bracket_ok': True, 'identities_ok': True, 'Lambda_c': '[37.4299462322258044552964876017 +/- 6.22e-30]', 'kappa': '[4.6120649003993087556e-10 +/- 4.22e-30]', 'kappa_over_eps': '[0.949302225698 +/- 4.32e-13]', 'normalized': '[0.949302965474 +/- 4.25e-13]', 'lambda_M': '[0.999999261900 +/- 1.17e-13]', 'phixx': '[1.38629425117 +/- 7.66e-13]', 'OmB': '[3.6216646e-8 +/- 1.71e-16]', 'detS_pos': True, 'detH': '[-473537.930465 +/- 3.51e-8]', 'B_pos': True, 'cM': '[1.38629435823 +/- 3.91e-14]', 'cM_lt_2ln2': True, 'gap_2pln2_minus_L': '[1.5180112e-6 +/- 4.23e-14]', 'sec': 0.0, 'LP_a': True, 'LP_b': True, 'LP_c': True, 'LP_d': True, 'LP_e': True, 'theta_p': '[0.000176249 +/- 4.59e-10]', 'theta_window': True}
   {'p': 28, 'root_bracket_ok': True, 'identities_ok': True, 'Lambda_c': '[38.8162413093528606796385070695 +/- 1.86e-29]', 'kappa': '[2.2652710570247739524e-10 +/- 1.29e-30]', 'kappa_over_eps': '[0.949634653553 +/- 3.16e-14]', 'normalized': '[0.949635044169 +/- 9.96e-15]', 'lambda_M': '[0.999999609638 +/- 1.97e-13]', 'phixx': '[1.38629430507 +/- 3.02e-12]', 'OmB': '[1.8522201e-8 +/- 4.56e-16]', 'detS_pos': True, 'detH': '[-549192.141074 +/- 2.04e-7]', 'B_pos': True, 'cM': '[1.38629435970 +/- 1.61e-12]', 'cM_lt_2ln2': True, 'gap_2pln2_minus_L': '[8.0200408e-7 +/- 3.36e-15]', 'sec': 0.0, 'LP_a': True, 'LP_b': True, 'LP_c': True, 'LP_d': True, 'LP_e': True, 'theta_p': '[0.000164061 +/- 4.26e-10]', 'theta_window': True}
   {'p': 30, 'root_bracket_ok': True, 'identities_ok': True, 'Lambda_c': '[41.5888306110120397793732808725 +/- 1.51e-31]', 'kappa': '[5.4746011594067206781e-11 +/- 2.01e-31]', 'kappa_over_eps': '[0.950234064902 +/- 2.46e-13]', 'normalized': '[0.950234173199 +/- 1.36e-13]', 'lambda_M': '[0.999999891459 +/- 2.99e-13]', 'phixx': '[1.38629434658 +/- 2.39e-12]', 'OmB': '[4.8314694e-9 +/- 1.22e-18]', 'detS_pos': True, 'detH': '[-727309.682483 +/- 7.56e-8]', 'B_pos': True, 'cM': '[1.38629436078 +/- 4.57e-12]', 'cM_lt_2ln2': True, 'gap_2pln2_minus_L': '[2.2258468e-7 +/- 1.22e-15]', 'sec': 0.0, 'float36': '0.9502', 'float36_match': True, 'LP_a': True, 'LP_b': True, 'LP_c': True, 'LP_d': True, 'LP_e': True, 'theta_p': '[0.000143166 +/- 4.12e-11]', 'theta_window': True}
   {'p': 35, 'root_bracket_ok': True, 'identities_ok': True, 'Lambda_c': '[48.5203026304132556034702517935 +/- 1.71e-29]', 'kappa': '[1.5859099409309506095e-12 +/- 4.00e-33]', 'kappa_over_eps': '[0.951437034855 +/- 3.54e-13]', 'normalized': '[0.951437039119 +/- 4.59e-14]', 'lambda_M': '[0.999999995701 +/- 2.43e-13]', 'phixx': '[1.38629436063 +/- 3.06e-12]', 'OmB': '[1.6572511e-10 +/- 1.40e-18]', 'detS_pos': True, 'detH': '[-1360739.01947 +/- 4.59e-6]', 'B_pos': True, 'cM': '[1.38629436111 +/- 1.42e-13]', 'cM_lt_2ln2': True, 'gap_2pln2_minus_L': '[8.7829161e-9 +/- 4.43e-17]', 'sec': 0.0, 'LP_a': True, 'LP_b': True, 'LP_c': True, 'LP_d': True, 'LP_e': True, 'theta_p': '[0.000105523 +/- 2.28e-10]', 'theta_window': True}
   {'p': 40, 'root_bracket_ok': True, 'identities_ok': True, 'Lambda_c': '[55.4517744444597816456460540453 +/- 2.66e-30]', 'kappa': '[4.6402981802780335998e-14 +/- 4.99e-34]', 'kappa_over_eps': '[0.952342954944 +/- 4.79e-13]', 'normalized': '[0.952342955106 +/- 3.24e-13]', 'lambda_M': '[0.999999999835 +/- 1.72e-13]', 'phixx': '[1.38629436110 +/- 3.37e-12]', 'OmB': '[5.6043367e-12 +/- 1.14e-20]', 'detS_pos': True, 'detH': '[-2338460.90892 +/- 3.51e-6]', 'B_pos': True, 'cM': '[1.38629436112 +/- 4.05e-13]', 'cM_lt_2ln2': True, 'gap_2pln2_minus_L': '[3.3584311e-10 +/- 2.27e-18]', 'sec': 0.0, 'float36': '0.9523', 'float36_match': True, 'LP_a': True, 'LP_b': True, 'LP_c': True, 'LP_d': True, 'LP_e': True, 'theta_p': '[8.09830e-5 +/- 2.21e-11]', 'theta_window': True}
   {'p': 50, 'root_bracket_ok': True, 'identities_ok': True, 'Lambda_c': '[69.3147180559940716038489927252 +/- 2.24e-29]', 'kappa': '[4.0585543175080169080e-17 +/- 6.69e-38]', 'kappa_over_eps': '[0.953616618006 +/- 4.13e-13]', 'normalized': '[0.953616618006 +/- 1.91e-13]', 'lambda_M': '[1.00000000000 +/- 2.27e-13]', 'phixx': '[1.38629436112 +/- 1.28e-13]', 'OmB': '[6.2253280e-15 +/- 3.94e-23]', 'detS_pos': True, 'detH': '[-5767838.43209 +/- 3.41e-6]', 'B_pos': True, 'cM': '[1.38629436112 +/- 1.10e-13]', 'cM_lt_2ln2': True, 'gap_2pln2_minus_L': '[4.5933787e-13 +/- 4.22e-21]', 'sec': 0.0, 'LP_a': True, 'LP_b': True, 'LP_c': True, 'LP_d': True, 'LP_e': True, 'theta_p': '[5.20022e-5 +/- 5.26e-12]', 'theta_window': True}
   {'p': 60, 'root_bracket_ok': True, 'identities_ok': True, 'Lambda_c': '[83.1776616671934365395549820745 +/- 1.05e-29]', 'kappa': '[3.6213367210013468132e-20 +/- 3.96e-40]', 'kappa_over_eps': '[0.954469238354 +/- 4.00e-13]', 'normalized': '[0.954469238354 +/- 4.00e-13]', 'lambda_M': '[1.00000000000 +/- 3.2e-16]', 'phixx': '[1.38629436112 +/- 1.10e-13]', 'OmB': '[6.7374279e-18 +/- 4.13e-26]', 'detS_pos': True, 'detH': '[-12041689.9784 +/- 3.47e-5]', 'B_pos': True, 'cM': '[1.38629436112 +/- 1.10e-13]', 'cM_lt_2ln2': True, 'gap_2pln2_minus_L': '[5.9051287e-16 +/- 2.51e-24]', 'sec': 0.0, 'float36': '0.9545', 'float36_match': True, 'LP_a': True, 'LP_b': True, 'LP_c': True, 'LP_d': True, 'LP_e': True, 'theta_p': '[3.61933e-5 +/- 3.09e-11]', 'theta_window': True}
   {'p': 80, 'root_bracket_ok': True, 'identities_ok': True, 'Lambda_c': '[110.903548889591249506756270824 +/- 1.03e-29]', 'kappa': '[2.9942365472644105282e-26 +/- 2.72e-46]', 'kappa_over_eps': '[0.955538997390 +/- 2.32e-13]', 'normalized': '[0.955538997390 +/- 2.32e-13]', 'lambda_M': '[1.00000000000 +/- 3e-17]', 'phixx': '[1.38629436112 +/- 1.10e-13]', 'OmB': '[7.5288323e-24 +/- 3.88e-32]', 'detS_pos': True, 'detH': '[-38380892.9263 +/- 4.73e-5]', 'B_pos': True, 'cM': '[1.38629436112 +/- 1.10e-13]', 'cM_lt_2ln2': True, 'gap_2pln2_minus_L': '[8.6860932e-22 +/- 1.53e-30]', 'sec': 0.0, 'float36': '0.9555', 'float36_match': True, 'LP_a': True, 'LP_b': True, 'LP_c': True, 'LP_d': True, 'LP_e': True, 'theta_p': '[2.04158e-5 +/- 3.73e-11]', 'theta_window': True}
PASS D1 Lambda_c(p) bracketed (D_p(L*-1e-60)<0<D_p(L*+1e-60)) for all p computed  
PASS D2 A_FM two forms, identity A1, Proposition J, T1=Lambda mu/p agree at Lambda_c for all p  
PASS D3 kappa_p matches the float table KAP_FLOAT (13 sig. digits) p=3..24  n=22
PASS D4 LP_TABLE kappa-cert columns (kappa/eps, lambda_M) match Arb values to printed digits  bad=[]
PASS D5 float table FLOAT36 of normalized kappa_p matches to printed digits  bad=[]
PASS D6 Theorem LP (a)-(e) hold at every sampled p>=26 (direct Arb values)  ps=[26, 27, 28, 30, 35, 40, 50, 60, 80]
PASS D7 asymptotics: -1.5e-5 <= theta_p <= m4/(8 Lc^2) + 1.5e-5 at every sampled p>=26  
PASS D8 elementary bound fails at Lambda_c(p) for p<=6 (phi_lo<0 or LB<0) and eps(Lambda_c) >= 2.6e-3 (Appendix B.5)  LB=['[14.2560 +/- 7.96e-6]', '[-5.23565 +/- 4.39e-6]', '[-1.66863 +/- 4.92e-6]', '[-0.460111 +/- 1.11e-7]']; philo=['[-0.377304 +/- 6.47e-8]', '[0.691091 +/- 7.18e-8]', '[1.07338 +/- 1.58e-6]', '[1.23624 +/- 1.78e-6]']; eps=['[0.0809634 +/- 9.33e-9]', '[0.0200792 +/- 4.64e-9]', '[0.00681259 +/- 3.18e-9]', '[0.00266965 +/- 2.57e-9]']
done: 81 checks, 3 failed, 1.9 s
