Nishimori printed values: 75/75 correctly rounded
results.json (60-digit mpmath floats) vs certified: worst relative difference per p:
  p= 3: 3.52e-55 (phi_bb)
  p= 4: 3.06e-55 (W)
  p= 5: 2.64e-55 (phi_xx)
  p= 6: 2.58e-55 (phi_xx)
  p= 7: 4.58e-55 (kappa)
  p= 8: 1.87e-55 (V)
  p= 9: 3.41e-55 (C_FM)
  p=10: 3.95e-55 (phi_mm)
  p=11: 9.79e-55 (kappa)
  p=12: 1.71e-54 (Kb)
  p=13: 7.19e-54 (Kb)
  p=14: 1.19e-53 (A_FM_minus_A_SG)
  p=15: 2.06e-53 (K)
  p=16: 2.12e-53 (kappa)
  p=17: 2.26e-52 (A_FM_minus_A_SG)
  p=18: 6.01e-52 (A_FM_minus_A_SG)
  p=19: 7.54e-53 (A_FM_minus_A_SG)
  p=20: 6.85e-52 (A_FM_minus_A_SG)
  p=21: 9.13e-51 (A_FM_minus_A_SG)
  p=22: 9.28e-51 (A_FM_minus_A_SG)
  p=23: 6.73e-51 (A_FM_minus_A_SG)
  p=24: 1.43e-50 (A_FM_minus_A_SG)
kappa_mp_result.json: 44/44 dC/K strings are the correct 12-significant-digit roundings
  worst float64-field relative difference: 1.38e-16
cross-run (kappa_cert_p384.json): 2576/2576 balls overlap
