{
 "p": 3,
 "q0": "814809/1000000",
 "m1": "11/25",
 "prec": 120,
 "Phi_q0": [
  0.000501502611422907,
  0.0005015026114229073
 ],
 "psi_info": {
  "K": 191,
  "h": "1/8",
  "b": "6/5",
  "disc": 3.7813117998602006e-24,
  "tail": 3.0941756270291757e-43,
  "width": 6.661338147750939e-16
 },
 "I_m1": [
  0.10019386311247085,
  0.10019386311247089
 ],
 "f_m1": [
  0.00034561598384913586,
  0.000345615983849136
 ],
 "margin_W_lo": 0.00015588662757377115,
 "Phi_half": [
  -0.014879264063781547,
  -0.014879264063781542
 ],
 "Phi_half_plus_B_hi": -0.008760783367461542,
 "margin_half_lo": 0.00926228597888445
}
{
 "p": 4,
 "q0": "948189/1000000",
 "m1": "16/25",
 "prec": 120,
 "Phi_q0": [
  0.00022785462494830244,
  0.00022785462494830252
 ],
 "psi_info": {
  "K": 273,
  "h": "1/8",
  "b": "6/5",
  "disc": 7.996721801630412e-23,
  "tail": 1.277569993330707e-41,
  "width": 1.3322676295501878e-15
 },
 "I_m1": [
  0.2217536937498511,
  0.22175369374985118
 ],
 "f_m1": [
  -0.0012223937222543392,
  -0.0012223937222543386
 ],
 "margin_W_lo": 0.00022785462494830244
}
rig.iv.prec = 120
