claims.json sha256 6c4fd753500fb7e929ddfde09bfabddccf923dee1e85a9f00655d7f6a82a9ee3
design: H4(1000,10), p0=9/10000, edges_per_bond 20032 == k(2b0+3)+2: True
gamma(p0) = 3.506107694698399605; claims [3.5061076946984, 3.5061076946984]
law class 1 disagree (m1=theta): P_c=0.486382384593 (formula equal exactly: True); rho_c=0.998200000000 (formula equal exactly: True)
law class 2 non-cancel (m2): P_c=0.338879525353 (formula equal exactly: True); rho_c=0.999072643373 (formula equal exactly: True)
law class 3 cancel (m3): P_c=0.174738090055 (formula equal exactly: True); rho_c=0.996507633029 (formula equal exactly: True)
gadget atoms: 66 classes x 2 signs; product formula (M(n) P^n, A_n) equals DP exactly on all: True
thresholds: w*=274797/1000000: 9w^2<1 and 18w^4<(1-9w^2)^2: True; 2P(w*)<1: True; 1-2P(w*) = 2.0557723765e-05 (claims 2.0557723764880378e-05)
            w**=129099/500000: 15w^2<1: True; 4P(w**)<1: True; 1-4P(w**) = 3.4459046901e-05 (claims 3.445904690081239e-05)
            root of 2P(w)=1: 0.274797452475447; 1/sqrt(15) = 0.258198889747161
W_plus: 1202 cells, contiguous True, endpoints = [beta_1, beta_2] True, max W_up = 274796986538179/1000000000000000 == sup_W_up True, <= threshold True
  beta_1/gamma = 0.5607814052526 (claims 0.5607814052526221), beta_2/gamma = 1.4008554293488 (claims 1.4008554293488404)
  cell widths in [1.300e-06, 3.600e-03]; s in [0.457, 1.0]
  band [21037/10000, 11833/2500] (0.600010..1.349987 gamma): 1002 cells meet it, sup W_up = 0.252733321357395 (== claim True); 1-2P(sup) = 0.593675258 >= bound 23747/40000 = 0.593675: True; inside cover True
  band [2279/1000, 45579/10000] (0.650009..1.299989 gamma): 841 cells meet it, sup W_up = 0.235337805327388 (== claim True); 1-2P(sup) = 0.780507648 >= bound 780507/1000000 = 0.780507: True; inside cover True
  band [24543/10000, 42073/10000] (0.700007..1.199992 gamma): 634 cells meet it, sup W_up = 0.215564650661257 (== claim True); 1-2P(sup) = 0.885170160 >= bound 88517/100000 = 0.88517: True; inside cover True
W_two_point: 1147 cells, contiguous True, endpoints = [beta_1, beta_2] True, max W_up = 51639599041383/200000000000000 == sup_W_up True, <= threshold True
  beta_1/gamma = 0.5752589981904 (claims 0.5752589981904415), beta_2/gamma = 1.3678273508973 (claims 1.3678273508973138)
  cell widths in [4.000e-07, 3.600e-03]; s in [0.457, 1.0]
  band [21037/10000, 11833/2500] (0.600010..1.349987 gamma): 1002 cells meet it, sup W_up = 0.252713824302016 (== claim True); 1-4P(sup) = 0.187940118 >= bound 9397/50000 = 0.18794: True; inside cover True
  band [2279/1000, 45579/10000] (0.650009..1.299989 gamma): 841 cells meet it, sup W_up = 0.235324002802042 (== claim True); 1-4P(sup) = 0.561220578 >= bound 28061/50000 = 0.56122: True; inside cover True
  band [24543/10000, 42073/10000] (0.700007..1.199992 gamma): 634 cells meet it, sup W_up = 0.215559061349867 (== claim True); 1-4P(sup) = 0.770381258 >= bound 770381/1000000 = 0.770381: True; inside cover True
checking 2349 cells with 4 worker(s) ...
cells done in 11.7s
W_plus: checks passed per field (of 1202): {'s_ok': 1202, 'y_ok': 1202, 'W_ok': 1202, 'order_ok': 1202, 'F_fx_hi_le_Fup': 1202, 'F_iv_hi_le_Fup': 1202, 'fx_iv_overlap': 1202, 'bracket_ok': 1202, 'ball_ge_samples': 1202, 'W_ge_samples': 1202, 'ball_le_thr': 1202}
  min relative slack (F_up - F_hi)/F_up = 3.450e-18 at cell 840; max fxi enclosure width 3.1e-61
  Lemma-L-free bracket bound: max over cells 0.274795747298024 (threshold 0.274797); max subdivision pieces 1
W_two_point: checks passed per field (of 1147): {'s_ok': 1147, 'y_ok': 1147, 'W_ok': 1147, 'order_ok': 1147, 'F_fx_hi_le_Fup': 1147, 'F_iv_hi_le_Fup': 1147, 'fx_iv_overlap': 1147, 'bracket_ok': 1147, 'ball_ge_samples': 1147, 'W_ge_samples': 1147, 'ball_le_thr': 1147}
  min relative slack (F_up - F_hi)/F_up = 1.174e-17 at cell 11; max fxi enclosure width 2.3e-61
  Lemma-L-free bracket bound: max over cells 0.258197442701708 (threshold 0.258198); max subdivision pieces 1
sharpness_W beta=98303/50000 (0.5607529 gamma, plus): rigorous min_s F >= 0.274829942374 (65 s-evaluations) >= w_lower 0.274829942374: True; threshold test fails at w_lower: True
sharpness_W beta=98233/20000 (1.4008840 gamma, plus): rigorous min_s F >= 0.274811062368 (71 s-evaluations) >= w_lower 0.274811042029: True; threshold test fails at w_lower: True
sharpness_W beta=100841/50000 (0.5752305 gamma, bb): rigorous min_s F >= 0.258225881118 (65 s-evaluations) >= w_lower 0.258225881118: True; threshold test fails at w_lower: True
sharpness_W beta=95917/20000 (1.3678559 gamma, bb): rigorous min_s F >= 0.258210330036 (71 s-evaluations) >= w_lower 0.258210325713: True; threshold test fails at w_lower: True
hot beta_hot = 30847/20000 (0.4399038 gamma): u_H in [0.333331819798961, 0.333331819798961] (iv hi 0.333331819798961); pbar_H in [0.499998297271898, 0.499998297271898] (iv hi 0.499998297271898)
   pbar <= 0.499998297271899 < 1/2: True;  u <= 0.333331819798961 < 1/3: True
hot beta_hot3 = 135183/100000 (0.3855643 gamma): u_H in [0.199997974185893, 0.199997974185893] (iv hi 0.199997974185893); pbar_H in [0.333330519697879, 0.333330519697879] (iv hi 0.333330519697879)
   pbar <= 0.33333051969788 < 1/3: True
hot sharp beta = 38559/25000 (0.4399066 gamma): u_H in [0.333339154120548, 0.333339154120548] (iv hi 0.333339154120548); pbar_H in [0.500006548357030, 0.500006548357030] (iv hi 0.500006548357030)
   sharpness: pbar >= 0.500006548357029 > 1/2: True; u >= 0.333339154120548 > 1/3: True
hot sharp beta3 = 8449/6250 (0.3855672 gamma): u_H in [0.200004431269984, 0.200004431269984] (iv hi 0.200004431269984); pbar_H in [0.333339487852251, 0.333339487852251] (iv hi 0.333339487852251)
   sharpness: pbar >= 0.333339487852251 > 1/3: True
hot Lemma-H-free one-piece bound on (0, beta_hot]: sup pbar_H <= 0.499998297271898 < 1/2: True
hot Lemma-H-free one-piece bound on (0, beta_hot]: sup u_H <= 0.333331819798961 < 1/3: True
hot Lemma-H-free one-piece bound on (0, beta_hot3]: sup pbar_H <= 0.333330519697879 < 1/3: True
hot bracket cover of (0, beta_hot], 120 pieces: sup pbar_H <= 0.499998297271898 < 1/2: True  (claims pbar_half: sup 0.499999108777315 < 1/2: True, ok=True)
hot bracket cover of (0, beta_hot], 120 pieces: sup u_H <= 0.333331819798961 < 1/3: True  (claims u_third: sup 0.333332538750555 < 1/3: True, ok=True)
hot bracket cover of (0, beta_hot3], 120 pieces: sup pbar_H <= 0.333330519697879 < 1/3: True  (claims pbar_third: sup 0.333332375554014 < 1/3: True, ok=True)
Lemma H: B = 5/2; tanh(5/2) <= theta_bar: exact-Taylor True, fxi True; (H*) 2(b0+2)tb^(b0+1) = 2.776196164634564e-03 <= 1-4tb^(2b0+4) = 0.999999999992528: True (claims lhs 0.002776196164634564, rhs 0.9999999999925276); beta_hot, beta_hot3 <= B: True
v_P bracket [0.222407439452191, 0.222407439452192]: h(lo) < 1 < h(hi) exactly: True; h(lo) = 1.000e+00-1 offset -1.199e-15, h(hi)-1 = 2.286e-14
N p1=1/1000: v_H(gamma(p1)) in [0.216305368171488, 0.216305368171488] (signed and sech forms agree: True); v_lower <= v <= v_upper <= V = 0.216305368172 < vP_lo, h(V) < 1: True; h(V) = 0.864508105378 (claims 0.8645081053777953); margin vP_lo - V = 6.102071e-03 (claims 0.006102071280191); rho_c == m_c exactly: [True, True, True] (claims [True, True, True]); gamma(p1) = 3.453377389324277 (claims 3.453377389324277)
N p1=529/500000: v_H(gamma(p1)) in [0.222406105285761, 0.222406105285761] (signed and sech forms agree: True); v_lower <= v <= v_upper <= V = 0.222406105286 < vP_lo, h(V) < 1: True; h(V) = 0.999967906114 (claims 0.999967906114406); margin vP_lo - V = 1.334166e-06 (claims 1.334166191e-06); rho_c == m_c exactly: [True, True, True] (claims [True, True, True]); gamma(p1) = 3.425158192734477 (claims 3.425158192734477)
N sharpness p=10581/10000000: v_H >= 0.222416458125953 >= v_lower 0.222416458125952 > vP_hi: True
N display p=1/2000: v_H in [0.151912767453771, 0.151912767453771] inside claimed [0.151912767453770, 0.151912767453771]: True; rho=m exact: True
N display p=7/10000: v_H in [0.180931598536875, 0.180931598536875] inside claimed [0.180931598536875, 0.180931598536876]: True; rho=m exact: True
N display p=9/10000: v_H in [0.205295045989685, 0.205295045989685] inside claimed [0.205295045989684, 0.205295045989685]: True; rho=m exact: True
N display p=1/1000: v_H in [0.216305368171488, 0.216305368171488] inside claimed [0.216305368171488, 0.216305368171489]: True; rho=m exact: True
N display p=529/500000: v_H in [0.222406105285761, 0.222406105285761] inside claimed [0.222406105285760, 0.222406105285761]: True; rho=m exact: True
N display p=10581/10000000: v_H in [0.222416458125953, 0.222416458125953] inside claimed [0.222416458125952, 0.222416458125953]: True; rho=m exact: True
N display p=11/10000: v_H in [0.226706642765271, 0.226706642765271] inside claimed [0.226706642765270, 0.226706642765271]: True; rho=m exact: True
N display p=3/2500: v_H in [0.236586916634239, 0.236586916634239] inside claimed [0.236586916634238, 0.236586916634239]: True; rho=m exact: True
N display strictly increasing (rigorous, consecutive enclosures separated): True (claims True)
TOTAL MISMATCHES: 0; elapsed 46.7s
