{
 "W": {
  "Delta_w": [
   -2.839915561112725e-08,
   -2.839915561112724e-08
  ],
  "pass_": true
 },
 "L": {
  "certified_max_U_hi": 2.753299866080685,
  "tiling_ok": true,
  "worst": [
   "767/800",
   "24/25",
   "RS"
  ],
  "binbound_max": 2.8529818222804275
 },
 "F": {
  "P_mu_star": [
   2.7545815813827836,
   2.754581581382785
  ],
  "min_D_lower": -1.4381087700757697e-07,
  "min_D_upper": -1.4381046601682603e-07,
  "min_D_lower_tol1e6": -7.821491600893806e-07,
  "D0": [
   -1.438104660168261e-07,
   -1.4381046601682603e-07
  ],
  "Dq": [
   1.251271040843287e-07,
   1.2512710408432879e-07
  ],
  "Gq": [
   0.9861661925014166,
   0.9861661925014169
  ],
  "LB": 2.7545814375719067,
  "LB_tol1e6": 2.7545807992336235
 },
 "margin": 0.0012815714912215218,
 "F_gt_L": true,
 "generator_consistency": {
  "P_inside_gen": true,
  "D0_inside_gen": true,
  "my_LB_ge_gen_LB": true,
  "my_Lmax_le_gen": true,
  "binbound_below_gen_LB": false
 }
}
