tiling {'starts_at_MA': True, 'ends_at_1': True, 'nondegenerate': True, 'contiguous': True, 'gaps': [], 'overlaps': []}
0 2/5 41/100 1R U_hi=2.6415361956157 gen=2.6415361986130 dP=3.0e-09
1 41/100 21/50 1R U_hi=2.6386909148704 gen=2.6386909178260 dP=3.0e-09
2 21/50 43/100 1R U_hi=2.6360492675345 gen=2.6360492704471 dP=2.9e-09
3 43/100 11/25 1R U_hi=2.6336287154683 gen=2.6336287183364 dP=2.9e-09
4 11/25 9/20 1R U_hi=2.6314467186508 gen=2.6314467214731 dP=2.8e-09
5 9/20 23/50 1R U_hi=2.6295206689188 gen=2.6295206716938 dP=2.8e-09
6 23/50 47/100 1R U_hi=2.6278677898085 gen=2.6278677925347 dP=2.7e-09
7 47/100 12/25 1R U_hi=2.6265050910104 gen=2.6265050936862 dP=2.7e-09
8 12/25 49/100 1R U_hi=2.6254492455792 gen=2.6254492482031 dP=2.6e-09
9 49/100 1/2 1R U_hi=2.6247165276562 gen=2.6247165302265 dP=2.6e-09
10 1/2 51/100 1R U_hi=2.6243226479067 gen=2.6243226504217 dP=2.5e-09
11 51/100 13/25 1R U_hi=2.6246089379381 gen=2.6246089403960 dP=2.5e-09
12 13/25 53/100 1R U_hi=2.6253180534719 gen=2.6253180558710 dP=2.4e-09
13 53/100 27/50 1R U_hi=2.6264202646203 gen=2.6264202669585 dP=2.3e-09
14 27/50 11/20 1R U_hi=2.6279259553594 gen=2.6279259576348 dP=2.3e-09
15 11/20 14/25 1R U_hi=2.6298436625892 gen=2.6298436647995 dP=2.2e-09
16 14/25 57/100 1R U_hi=2.6321797189854 gen=2.6321797211286 dP=2.1e-09
17 57/100 29/50 1R U_hi=2.6349377877714 gen=2.6349377898451 dP=2.1e-09
18 29/50 59/100 1R U_hi=2.6381182588156 gen=2.6381182608173 dP=2.0e-09
19 59/100 3/5 1R U_hi=2.6417175933761 gen=2.6417175953032 dP=1.9e-09
20 3/5 61/100 1R U_hi=2.6457274337880 gen=2.6457274356378 dP=1.8e-09
21 61/100 31/50 1R U_hi=2.6501334187724 gen=2.6501334205419 dP=1.8e-09
22 31/50 63/100 1R U_hi=2.6549137855372 gen=2.6549137872231 dP=1.7e-09
23 63/100 16/25 1R U_hi=2.6600373368445 gen=2.6600373384434 dP=1.6e-09
24 16/25 13/20 1R U_hi=2.6654608291489 gen=2.6654608306570 dP=1.5e-09
25 13/20 33/50 1R U_hi=2.6711252475550 gen=2.6711252489679 dP=1.4e-09
26 33/50 67/100 1R U_hi=2.6769504863773 gen=2.6769504876905 dP=1.3e-09
27 67/100 17/25 1R U_hi=2.6828272053810 gen=2.6828272065891 dP=1.2e-09
28 17/25 69/100 1R U_hi=2.6886040280666 gen=2.6886040291633 dP=1.1e-09
29 69/100 7/10 1R U_hi=2.6940655353392 gen=2.6940655363171 dP=9.8e-10
30 7/10 71/100 1R U_hi=2.6988906470862 gen=2.6988906479357 dP=8.5e-10
31 71/100 18/25 1R U_hi=2.7025604254714 gen=2.7025604261795 dP=7.1e-10
32 18/25 73/100 1R U_hi=2.7040893447293 gen=2.7040893452746 dP=5.5e-10
33 73/100 37/50 RS U_hi=2.7040257256687 gen=2.7040257262116 dP=5.5e-10
34 37/50 3/4 RS U_hi=2.7013121426862 gen=2.7013121432449 dP=5.6e-10
35 3/4 19/25 RS U_hi=2.6991622766080 gen=2.6991622771831 dP=5.8e-10
36 19/25 77/100 RS U_hi=2.6975844867660 gen=2.6975844873581 dP=6.0e-10
37 77/100 39/50 RS U_hi=2.6965849700050 gen=2.6965849706147 dP=6.1e-10
38 39/50 79/100 RS U_hi=2.6963276896659 gen=2.6963276902938 dP=6.3e-10
39 79/100 4/5 RS U_hi=2.6970721564126 gen=2.6970721570596 dP=6.5e-10
40 4/5 81/100 RS U_hi=2.6983897719475 gen=2.6983897726141 dP=6.7e-10
41 81/100 41/50 RS U_hi=2.7002691757233 gen=2.7002691764103 dP=6.9e-10
42 41/50 83/100 RS U_hi=2.7026935489999 gen=2.7026935497081 dP=7.1e-10
43 83/100 21/25 RS U_hi=2.7056395737319 gen=2.7056395744622 dP=7.3e-10
44 21/25 17/20 RS U_hi=2.7090762355130 gen=2.7090762362662 dP=7.6e-10
45 17/20 43/50 RS U_hi=2.7129632296956 gen=2.7129632304728 dP=7.8e-10
46 43/50 87/100 RS U_hi=2.7172489832207 gen=2.7172489840228 dP=8.0e-10
47 87/100 22/25 RS U_hi=2.7218681346424 gen=2.7218681354704 dP=8.3e-10
48 22/25 89/100 RS U_hi=2.7267380774081 gen=2.7267380782633 dP=8.6e-10
49 89/100 9/10 RS U_hi=2.7317544671721 gen=2.7317544680557 dP=8.9e-10
50 9/10 91/100 RS U_hi=2.7367849388022 gen=2.7367849397156 dP=9.1e-10
51 91/100 23/25 RS U_hi=2.7416601139983 gen=2.7416601149429 dP=9.5e-10
52 23/25 93/100 RS U_hi=2.7461603832366 gen=2.7461603842140 dP=9.8e-10
53 93/100 47/50 RS U_hi=2.7499954195571 gen=2.7499954205691 dP=1.0e-09
54 47/50 19/20 RS U_hi=2.7527707148397 gen=2.7527707158884 dP=1.0e-09
55 19/20 191/200 RS U_hi=2.7531610266427 gen=2.7531610277204 dP=1.1e-09
56 191/200 383/400 RS U_hi=2.7532592689778 gen=2.7532592700706 dP=1.1e-09
57 383/400 767/800 RS U_hi=2.7532829000191 gen=2.7532829011195 dP=1.1e-09
58 767/800 24/25 RS U_hi=2.7532998660807 gen=2.7532998671863 dP=1.1e-09
59 24/25 1537/1600 RS U_hi=2.7532919767806 gen=2.7532919778901 dP=1.1e-09
60 1537/1600 769/800 RS U_hi=2.7532860480833 gen=2.7532860491955 dP=1.1e-09
61 769/800 77/80 RS U_hi=2.7532785148200 gen=2.7532785159362 dP=1.1e-09
62 77/80 193/200 RS U_hi=2.7532507749887 gen=2.7532507761129 dP=1.1e-09
63 193/200 97/100 RS U_hi=2.7531469248946 gen=2.7531469260350 dP=1.1e-09
64 97/100 49/50 RS U_hi=2.7527918681304 gen=2.7527918693051 dP=1.2e-09
65 49/50 99/100 RS U_hi=2.7478500118742 gen=2.7478500130985 dP=1.2e-09
66 99/100 1 RS U_hi=2.7373025703455 gen=2.7373025716267 dP=1.3e-09
{
 "n": 67,
 "tiling": {
  "starts_at_MA": true,
  "ends_at_1": true,
  "nondegenerate": true,
  "contiguous": true,
  "gaps": [],
  "overlaps": []
 },
 "tiling_ok": true,
 "certified_max_U_hi": 2.753299866080685,
 "worst_interval": [
  "767/800",
  "24/25",
  "RS"
 ],
 "certified_max_binbound_hi": 2.8529818222804275,
 "worst_bin_interval": [
  "97/100",
  "49/50"
 ],
 "generator_worst": 2.7532998671863287,
 "max_abs_diff_P_vs_generator": 2.997349923816728e-09,
 "max_abs_diff_Uhi_vs_generator": 2.9973512560843574e-09,
 "max_P_width": 1.2434497875801753e-14,
 "max_disc": 3.4095286876613282e-15,
 "max_tail": 5.153619025056613e-34,
 "maxrss_MB": 36.15625,
 "runtime_s": 94.45298290252686
}
