Psi' - x Omega: 0
Omega' - 2 e^{mV} Q / x^4: 0
Pi - [x e^{-mV}(I1 - 2 I2) + 2V'^2]: 0
ell_dot - (2 ell - D): 0
m^2 x^2 Q - Qtilde: 0
omega_dot - ((5-ell) omega + 2 Qtilde): 0
m x a + D: 0
a lowest order: (3,)  Q lowest order: (6,)
B(generic Y) - formula: 0 ; d2/dDdot2 rhs = 2
Y - displayed: 0
B - displayed 1024^-2 polynomial: 0
Bhat polynomial? True  bidegree: 6 3  #monomials: 20
P(ell,1) = 3/512
1024 P(3/8,delta) = -695*delta**2 + 3907*delta/8 + 1701/8
1024 P(LMAX,delta) = 81538*delta**2/625 - 2810083*delta/10000 + 62619/400 ; vertex delta = [2810083/2609216]
1024 P(1/4,delta) = -741*delta**2 + 2125*delta/4 + 863/4 ; argmax 2125/5928 ; max P(1/4,.) = 14747353/48562176 = 0.303679822749 ; 4/13 - max = 194855/48562176 = 0.0040124849
1/416 check: 1/416  2(1/4)^4 (4/13) = 1/416
phase-1 critical D: [0, 8*ell/3 - 2/3] ; value: -4*(4*ell - 1)**3/27 ; equals -(8l-2)^3/54: True
d/dy (y+2)^4/y^3 = (y - 6)*(y + 2)**3/y**4 ; value at 1: 81 ; 4096/54 = 75.851852
phase-3 bound at D=ell: ell**2*(ell**2 - 3*ell + 1) ; roots: [3/2 - sqrt(5)/2, sqrt(5)/2 + 3/2] ; LMAX - (3+sqrt5)/2 = 6.60113e-5
